[1,7]<stdout>:algo-1:181:181 [7] NCCL INFO Channel 08 : 7[1e0] -> 4[1b0] via P2P/IPC
[1,9]<stdout>:algo-2:181:181 [1] NCCL INFO Channel 07 : 1[180] -> 5[1c0] via P2P/IPC
[1,10]<stdout>:algo-2:182:182 [2] NCCL INFO Channel 07 : 2[190] -> 1[180] via P2P/IPC
[1,11]<stdout>:algo-2:185:185 [3] NCCL INFO Channel 07 : 3[1a0] -> 2[190] via P2P/IPC
[1,5]<stdout>:algo-1:179:179 [5] NCCL INFO Channel 08 : 5[1c0] -> 6[1d0] via P2P/IPC
[1,6]<stdout>:algo-1:180:180 [6] NCCL INFO Channel 08 : 6[1d0] -> 7[1e0] via P2P/IPC
[1,13]<stdout>:algo-2:188:188 [5] NCCL INFO Channel 07 : 5[1c0] -> 6[1d0] via P2P/IPC
[1,14]<stdout>:algo-2:189:189 [6] NCCL INFO Channel 07 : 6[1d0] -> 7[1e0] via P2P/IPC
[1,15]<stdout>:algo-2:190:190 [7] NCCL INFO Channel 07 : 7[1e0] -> 4[1b0] via P2P/IPC
[1,3]<stdout>:algo-1:176:176 [3] NCCL INFO Channel 09 : 3[1a0] -> 0[170] via P2P/IPC
[1,0]<stdout>:algo-1:170:170 [0] NCCL INFO Channel 09 : 0[170] -> 4[1b0] via P2P/IPC
[1,12]<stdout>:algo-2:187:187 [4] NCCL INFO Channel 07 : 4[1b0] -> 7[1e0] via P2P/IPC
[1,4]<stdout>:algo-1:178:178 [4] NCCL INFO Channel 09 : 4[1b0] -> 7[1e0] via P2P/IPC
[1,1]<stdout>:algo-1:172:172 [1] NCCL INFO Channel 09 : 1[180] -> 2[190] via P2P/IPC
[1,9]<stdout>:algo-2:181:181 [1] NCCL INFO Channel 07 : 1[180] -> 2[190] via P2P/IPC
[1,10]<stdout>:algo-2:182:182 [2] NCCL INFO Channel 07 : 2[190] -> 3[1a0] via P2P/IPC
[1,2]<stdout>:algo-1:174:174 [2] NCCL INFO Channel 09 : 2[190] -> 3[1a0] via P2P/IPC
[1,7]<stdout>:algo-1:181:181 [7] NCCL INFO Channel 09 : 7[1e0] -> 6[1d0] via P2P/IPC
[1,11]<stdout>:algo-2:185:185 [3] NCCL INFO Channel 07 : 3[1a0] -> 0[170] via P2P/IPC
[1,13]<stdout>:algo-2:188:188 [5] NCCL INFO Channel 07 : 5[1c0] -> 1[180] via P2P/IPC
[1,14]<stdout>:algo-2:189:189 [6] NCCL INFO Channel 07 : 6[1d0] -> 5[1c0] via P2P/IPC
[1,5]<stdout>:algo-1:179:179 [5] NCCL INFO Channel 09 : 5[1c0] -> 1[180] via P2P/IPC
[1,6]<stdout>:algo-1:180:180 [6] NCCL INFO Channel 09 : 6[1d0] -> 5[1c0] via P2P/IPC
[1,15]<stdout>:algo-2:190:190 [7] NCCL INFO Channel 07 : 7[1e0] -> 6[1d0] via P2P/IPC
[1,3]<stdout>:algo-1:176:176 [3] NCCL INFO Channel 09 : 3[1a0] -> 2[190] via P2P/IPC
[1,12]<stdout>:algo-2:187:187 [4] NCCL INFO Channel 08 : 4[1b0] -> 7[1e0] via P2P/IPC
[1,4]<stdout>:algo-1:178:178 [4] NCCL INFO Channel 09 : 4[1b0] -> 0[170] via P2P/IPC
[1,8]<stdout>:algo-2:178:178 [0] NCCL INFO Channel 08 : 0[170] -> 4[1b0] via P2P/IPC
[1,1]<stdout>:algo-1:172:172 [1] NCCL INFO Channel 09 : 1[180] -> 5[1c0] via P2P/IPC
[1,2]<stdout>:algo-1:174:174 [2] NCCL INFO Channel 09 : 2[190] -> 1[180] via P2P/IPC
[1,9]<stdout>:algo-2:181:181 [1] NCCL INFO Channel 08 : 1[180] -> 2[190] via P2P/IPC
[1,10]<stdout>:algo-2:182:182 [2] NCCL INFO Channel 08 : 2[190] -> 3[1a0] via P2P/IPC
[1,7]<stdout>:algo-1:181:181 [7] NCCL INFO Channel 09 : 7[1e0] -> 4[1b0] via P2P/IPC
[1,11]<stdout>:algo-2:185:185 [3] NCCL INFO Channel 08 : 3[1a0] -> 0[170] via P2P/IPC
[1,5]<stdout>:algo-1:179:179 [5] NCCL INFO Channel 09 : 5[1c0] -> 6[1d0] via P2P/IPC
[1,13]<stdout>:algo-2:188:188 [5] NCCL INFO Channel 08 : 5[1c0] -> 1[180] via P2P/IPC
[1,14]<stdout>:algo-2:189:189 [6] NCCL INFO Channel 08 : 6[1d0] -> 5[1c0] via P2P/IPC
[1,6]<stdout>:algo-1:180:180 [6] NCCL INFO Channel 09 : 6[1d0] -> 7[1e0] via P2P/IPC
[1,15]<stdout>:algo-2:190:190 [7] NCCL INFO Channel 08 : 7[1e0] -> 6[1d0] via P2P/IPC
[1,3]<stdout>:algo-1:176:176 [3] NCCL INFO Channel 10 : 3[1a0] -> 7[1e0] via P2P/IPC
[1,0]<stdout>:algo-1:170:170 [0] NCCL INFO Channel 10 : 0[170] -> 1[180] via P2P/IPC
[1,11]<stdout>:algo-2:185:185 [3] NCCL INFO Channel 08 : 3[1a0] -> 2[190] via P2P/IPC
[1,4]<stdout>:algo-1:178:178 [4] NCCL INFO Channel 10 : 4[1b0] -> 6[1d0] via P2P/IPC
[1,1]<stdout>:algo-1:172:172 [1] NCCL INFO Channel 10 : 1[180] -> 3[1a0] via P2P/IPC
[1,2]<stdout>:algo-1:174:174 [2] NCCL INFO Channel 10 : 2[190] -> 0[170] via P2P/IPC
[1,12]<stdout>:algo-2:187:187 [4] NCCL INFO Channel 08 : 4[1b0] -> 0[170] via P2P/IPC
[1,9]<stdout>:algo-2:181:181 [1] NCCL INFO Channel 08 : 1[180] -> 5[1c0] via P2P/IPC
[1,10]<stdout>:algo-2:182:182 [2] NCCL INFO Channel 08 : 2[190] -> 1[180] via P2P/IPC
[1,7]<stdout>:algo-1:181:181 [7] NCCL INFO Channel 10 : 7[1e0] -> 5[1c0] via P2P/IPC
[1,5]<stdout>:algo-1:179:179 [5] NCCL INFO Channel 10 : 5[1c0] -> 4[1b0] via P2P/IPC
[1,6]<stdout>:algo-1:180:180 [6] NCCL INFO Channel 10 : 6[1d0] -> 2[190] via P2P/IPC
[1,13]<stdout>:algo-2:188:188 [5] NCCL INFO Channel 08 : 5[1c0] -> 6[1d0] via P2P/IPC
[1,14]<stdout>:algo-2:189:189 [6] NCCL INFO Channel 08 : 6[1d0] -> 7[1e0] via P2P/IPC
[1,15]<stdout>:algo-2:190:190 [7] NCCL INFO Channel 08 : 7[1e0] -> 4[1b0] via P2P/IPC
[1,11]<stdout>:algo-2:185:185 [3] NCCL INFO Channel 09 : 3[1a0] -> 0[170] via P2P/IPC
[1,2]<stdout>:algo-1:174:174 [2] NCCL INFO Channel 10 : 2[190] -> 6[1d0] via P2P/IPC
[1,3]<stdout>:algo-1:176:176 [3] NCCL INFO Channel 10 : 3[1a0] -> 1[180] via P2P/IPC
[1,8]<stdout>:algo-2:178:178 [0] NCCL INFO Channel 09 : 0[170] -> 4[1b0] via P2P/IPC
[1,4]<stdout>:algo-1:178:178 [4] NCCL INFO Channel 10 : 4[1b0] -> 5[1c0] via P2P/IPC
[1,1]<stdout>:algo-1:172:172 [1] NCCL INFO Channel 10 : 1[180] -> 0[170] via P2P/IPC
[1,7]<stdout>:algo-1:181:181 [7] NCCL INFO Channel 10 : 7[1e0] -> 3[1a0] via P2P/IPC
[1,9]<stdout>:algo-2:181:181 [1] NCCL INFO Channel 09 : 1[180] -> 2[190] via P2P/IPC
[1,10]<stdout>:algo-2:182:182 [2] NCCL INFO Channel 09 : 2[190] -> 3[1a0] via P2P/IPC
[1,12]<stdout>:algo-2:187:187 [4] NCCL INFO Channel 09 : 4[1b0] -> 7[1e0] via P2P/IPC
[1,5]<stdout>:algo-1:179:179 [5] NCCL INFO Channel 10 : 5[1c0] -> 7[1e0] via P2P/IPC
[1,6]<stdout>:algo-1:180:180 [6] NCCL INFO Channel 10 : 6[1d0] -> 4[1b0] via P2P/IPC
[1,13]<stdout>:algo-2:188:188 [5] NCCL INFO Channel 09 : 5[1c0] -> 1[180] via P2P/IPC
[1,14]<stdout>:algo-2:189:189 [6] NCCL INFO Channel 09 : 6[1d0] -> 5[1c0] via P2P/IPC
[1,15]<stdout>:algo-2:190:190 [7] NCCL INFO Channel 09 : 7[1e0] -> 6[1d0] via P2P/IPC
[1,11]<stdout>:algo-2:185:185 [3] NCCL INFO Channel 09 : 3[1a0] -> 2[190] via P2P/IPC
[1,2]<stdout>:algo-1:174:174 [2] NCCL INFO Channel 11 : 2[190] -> 6[1d0] via P2P/IPC
[1,0]<stdout>:algo-1:170:170 [0] NCCL INFO Channel 11 : 0[170] -> 2[190] via P2P/IPC
[1,3]<stdout>:algo-1:176:176 [3] NCCL INFO Channel 11 : 3[1a0] -> 1[180] via P2P/IPC
[1,1]<stdout>:algo-1:172:172 [1] NCCL INFO Channel 11 : 1[180] -> 0[170] via P2P/IPC
[1,4]<stdout>:algo-1:178:178 [4] NCCL INFO Channel 11 : 4[1b0] -> 5[1c0] via P2P/IPC
[1,10]<stdout>:algo-2:182:182 [2] NCCL INFO Channel 09 : 2[190] -> 1[180] via P2P/IPC
[1,9]<stdout>:algo-2:181:181 [1] NCCL INFO Channel 09 : 1[180] -> 5[1c0] via P2P/IPC
[1,7]<stdout>:algo-1:181:181 [7] NCCL INFO Channel 11 : 7[1e0] -> 3[1a0] via P2P/IPC
[1,12]<stdout>:algo-2:187:187 [4] NCCL INFO Channel 09 : 4[1b0] -> 0[170] via P2P/IPC
[1,5]<stdout>:algo-1:179:179 [5] NCCL INFO Channel 11 : 5[1c0] -> 7[1e0] via P2P/IPC
[1,14]<stdout>:algo-2:189:189 [6] NCCL INFO Channel 09 : 6[1d0] -> 7[1e0] via P2P/IPC
[1,13]<stdout>:algo-2:188:188 [5] NCCL INFO Channel 09 : 5[1c0] -> 6[1d0] via P2P/IPC
[1,6]<stdout>:algo-1:180:180 [6] NCCL INFO Channel 11 : 6[1d0] -> 4[1b0] via P2P/IPC
[1,15]<stdout>:algo-2:190:190 [7] NCCL INFO Channel 09 : 7[1e0] -> 4[1b0] via P2P/IPC
[1,11]<stdout>:algo-2:185:185 [3] NCCL INFO Channel 10 : 3[1a0] -> 7[1e0] via P2P/IPC
[1,1]<stdout>:algo-1:172:172 [1] NCCL INFO Channel 11 : 1[180] -> 3[1a0] via P2P/IPC
[1,2]<stdout>:algo-1:174:174 [2] NCCL INFO Channel 11 : 2[190] -> 0[170] via P2P/IPC
[1,3]<stdout>:algo-1:176:176 [3] NCCL INFO Channel 11 : 3[1a0] -> 7[1e0] via P2P/IPC
[1,4]<stdout>:algo-1:178:178 [4] NCCL INFO Channel 11 : 4[1b0] -> 6[1d0] via P2P/IPC
[1,7]<stdout>:algo-1:181:181 [7] NCCL INFO Channel 11 : 7[1e0] -> 5[1c0] via P2P/IPC
[1,5]<stdout>:algo-1:179:179 [5] NCCL INFO Channel 11 : 5[1c0] -> 4[1b0] via P2P/IPC
[1,1]<stdout>:algo-1:172:172 [1] NCCL INFO 12 coll channels, 16 p2p channels, 2 p2p channels per peer
[1,1]<stdout>:algo-1:172:172 [1] NCCL INFO comm 0x5602e7fc8b00 rank 1 nranks 8 cudaDev 1 busId 180 - Init COMPLETE
[1,6]<stdout>:algo-1:180:180 [6] NCCL INFO Channel 11 : 6[1d0] -> 2[190] via P2P/IPC
[1,0]<stdout>:algo-1:170:170 [0] NCCL INFO 12 coll channels, 16 p2p channels, 2 p2p channels per peer
[1,0]<stdout>:algo-1:170:170 [0] NCCL INFO comm 0x559c2ff114e0 rank 0 nranks 8 cudaDev 0 busId 170 - Init COMPLETE
[1,3]<stdout>:algo-1:176:176 [3] NCCL INFO 12 coll channels, 16 p2p channels, 2 p2p channels per peer
[1,3]<stdout>:algo-1:176:176 [3] NCCL INFO comm 0x555d85968470 rank 3 nranks 8 cudaDev 3 busId 1a0 - Init COMPLETE
[1,4]<stdout>:algo-1:178:178 [4] NCCL INFO 12 coll channels, 16 p2p channels, 2 p2p channels per peer
[1,2]<stdout>:algo-1:174:174 [2] NCCL INFO 12 coll channels, 16 p2p channels, 2 p2p channels per peer
[1,4]<stdout>:algo-1:178:178 [4] NCCL INFO comm 0x55eb0a8d3300 rank 4 nranks 8 cudaDev 4 busId 1b0 - Init COMPLETE
[1,7]<stdout>:algo-1:181:181 [7] NCCL INFO 12 coll channels, 16 p2p channels, 2 p2p channels per peer
[1,2]<stdout>:algo-1:174:174 [2] NCCL INFO comm 0x56228258cb80 rank 2 nranks 8 cudaDev 2 busId 190 - Init COMPLETE
[1,7]<stdout>:algo-1:181:181 [7] NCCL INFO comm 0x557edd408be0 rank 7 nranks 8 cudaDev 7 busId 1e0 - Init COMPLETE
[1,5]<stdout>:algo-1:179:179 [5] NCCL INFO 12 coll channels, 16 p2p channels, 2 p2p channels per peer
[1,5]<stdout>:algo-1:179:179 [5] NCCL INFO comm 0x560f804afaf0 rank 5 nranks 8 cudaDev 5 busId 1c0 - Init COMPLETE
[1,6]<stdout>:algo-1:180:180 [6] NCCL INFO 12 coll channels, 16 p2p channels, 2 p2p channels per peer
[1,6]<stdout>:algo-1:180:180 [6] NCCL INFO comm 0x558a27c38fb0 rank 6 nranks 8 cudaDev 6 busId 1d0 - Init COMPLETE
[1,8]<stdout>:algo-2:178:178 [0] NCCL INFO Channel 10 : 0[170] -> 1[180] via P2P/IPC
[1,9]<stdout>:algo-2:181:181 [1] NCCL INFO Channel 10 : 1[180] -> 3[1a0] via P2P/IPC
[1,10]<stdout>:algo-2:182:182 [2] NCCL INFO Channel 10 : 2[190] -> 0[170] via P2P/IPC
[1,12]<stdout>:algo-2:187:187 [4] NCCL INFO Channel 10 : 4[1b0] -> 6[1d0] via P2P/IPC
[1,13]<stdout>:algo-2:188:188 [5] NCCL INFO Channel 10 : 5[1c0] -> 4[1b0] via P2P/IPC
[1,14]<stdout>:algo-2:189:189 [6] NCCL INFO Channel 10 : 6[1d0] -> 2[190] via P2P/IPC
[1,15]<stdout>:algo-2:190:190 [7] NCCL INFO Channel 10 : 7[1e0] -> 5[1c0] via P2P/IPC
[1,10]<stdout>:algo-2:182:182 [2] NCCL INFO Channel 10 : 2[190] -> 6[1d0] via P2P/IPC
[1,11]<stdout>:algo-2:185:185 [3] NCCL INFO Channel 10 : 3[1a0] -> 1[180] via P2P/IPC
[1,9]<stdout>:algo-2:181:181 [1] NCCL INFO Channel 10 : 1[180] -> 0[170] via P2P/IPC
[1,12]<stdout>:algo-2:187:187 [4] NCCL INFO Channel 10 : 4[1b0] -> 5[1c0] via P2P/IPC
[1,13]<stdout>:algo-2:188:188 [5] NCCL INFO Channel 10 : 5[1c0] -> 7[1e0] via P2P/IPC
[1,14]<stdout>:algo-2:189:189 [6] NCCL INFO Channel 10 : 6[1d0] -> 4[1b0] via P2P/IPC
[1,15]<stdout>:algo-2:190:190 [7] NCCL INFO Channel 10 : 7[1e0] -> 3[1a0] via P2P/IPC
[1,10]<stdout>:algo-2:182:182 [2] NCCL INFO Channel 11 : 2[190] -> 6[1d0] via P2P/IPC
[1,8]<stdout>:algo-2:178:178 [0] NCCL INFO Channel 11 : 0[170] -> 2[190] via P2P/IPC
[1,9]<stdout>:algo-2:181:181 [1] NCCL INFO Channel 11 : 1[180] -> 0[170] via P2P/IPC
[1,12]<stdout>:algo-2:187:187 [4] NCCL INFO Channel 11 : 4[1b0] -> 5[1c0] via P2P/IPC
[1,11]<stdout>:algo-2:185:185 [3] NCCL INFO Channel 11 : 3[1a0] -> 1[180] via P2P/IPC
[1,13]<stdout>:algo-2:188:188 [5] NCCL INFO Channel 11 : 5[1c0] -> 7[1e0] via P2P/IPC
[1,14]<stdout>:algo-2:189:189 [6] NCCL INFO Channel 11 : 6[1d0] -> 4[1b0] via P2P/IPC
[1,15]<stdout>:algo-2:190:190 [7] NCCL INFO Channel 11 : 7[1e0] -> 3[1a0] via P2P/IPC
[1,9]<stdout>:algo-2:181:181 [1] NCCL INFO Channel 11 : 1[180] -> 3[1a0] via P2P/IPC
[1,10]<stdout>:algo-2:182:182 [2] NCCL INFO Channel 11 : 2[190] -> 0[170] via P2P/IPC
[1,11]<stdout>:algo-2:185:185 [3] NCCL INFO Channel 11 : 3[1a0] -> 7[1e0] via P2P/IPC
[1,12]<stdout>:algo-2:187:187 [4] NCCL INFO Channel 11 : 4[1b0] -> 6[1d0] via P2P/IPC
[1,13]<stdout>:algo-2:188:188 [5] NCCL INFO Channel 11 : 5[1c0] -> 4[1b0] via P2P/IPC
[1,14]<stdout>:algo-2:189:189 [6] NCCL INFO Channel 11 : 6[1d0] -> 2[190] via P2P/IPC
[1,9]<stdout>:algo-2:181:181 [1] NCCL INFO 12 coll channels, 16 p2p channels, 2 p2p channels per peer
[1,15]<stdout>:algo-2:190:190 [7] NCCL INFO Channel 11 : 7[1e0] -> 5[1c0] via P2P/IPC
[1,9]<stdout>:algo-2:181:181 [1] NCCL INFO comm 0x55b934d466c0 rank 1 nranks 8 cudaDev 1 busId 180 - Init COMPLETE
[1,8]<stdout>:algo-2:178:178 [0] NCCL INFO 12 coll channels, 16 p2p channels, 2 p2p channels per peer
[1,8]<stdout>:algo-2:178:178 [0] NCCL INFO comm 0x5601db4261a0 rank 0 nranks 8 cudaDev 0 busId 170 - Init COMPLETE
[1,10]<stdout>:algo-2:182:182 [2] NCCL INFO 12 coll channels, 16 p2p channels, 2 p2p channels per peer
[1,10]<stdout>:algo-2:182:182 [2] NCCL INFO comm 0x5613ed6143b0 rank 2 nranks 8 cudaDev 2 busId 190 - Init COMPLETE
[1,12]<stdout>:algo-2:187:187 [4] NCCL INFO 12 coll channels, 16 p2p channels, 2 p2p channels per peer
[1,11]<stdout>:algo-2:185:185 [3] NCCL INFO 12 coll channels, 16 p2p channels, 2 p2p channels per peer
[1,12]<stdout>:algo-2:187:187 [4] NCCL INFO comm 0x5578c14d5180 rank 4 nranks 8 cudaDev 4 busId 1b0 - Init COMPLETE
[1,13]<stdout>:algo-2:188:188 [5] NCCL INFO 12 coll channels, 16 p2p channels, 2 p2p channels per peer
[1,11]<stdout>:algo-2:185:185 [3] NCCL INFO comm 0x55a61bbb0240 rank 3 nranks 8 cudaDev 3 busId 1a0 - Init COMPLETE
[1,14]<stdout>:algo-2:189:189 [6] NCCL INFO 12 coll channels, 16 p2p channels, 2 p2p channels per peer
[1,13]<stdout>:algo-2:188:188 [5] NCCL INFO comm 0x5616c1908bf0 rank 5 nranks 8 cudaDev 5 busId 1c0 - Init COMPLETE
[1,14]<stdout>:algo-2:189:189 [6] NCCL INFO comm 0x5609ef1b2480 rank 6 nranks 8 cudaDev 6 busId 1d0 - Init COMPLETE
[1,15]<stdout>:algo-2:190:190 [7] NCCL INFO 12 coll channels, 16 p2p channels, 2 p2p channels per peer
[1,15]<stdout>:algo-2:190:190 [7] NCCL INFO comm 0x5624590e0ff0 rank 7 nranks 8 cudaDev 7 busId 1e0 - Init COMPLETE
[1,7]<stdout>:algo-1:181:181 [7] NCCL INFO threadThresholds 8/8/64 | 128/8/64 | 8/8/64
[1,7]<stdout>:algo-1:181:181 [7] NCCL INFO Trees [0] 4/-1/-1->7->6|6->7->4/-1/-1 [1] 4/-1/-1->7->6|6->7->4/-1/-1
[1,6]<stdout>:algo-1:180:180 [6] NCCL INFO threadThresholds 8/8/64 | 128/8/64 | 8/8/64
[1,6]<stdout>:algo-1:180:180 [6] NCCL INFO Trees [0] 7/-1/-1->6->5|5->6->7/-1/-1 [1] 7/-1/-1->6->5|5->6->7/-1/-1
[1,1]<stdout>:algo-1:172:172 [1] NCCL INFO threadThresholds 8/8/64 | 128/8/64 | 8/8/64
[1,1]<stdout>:algo-1:172:172 [1] NCCL INFO Trees [0] 5/-1/-1->1->2|2->1->5/-1/-1 [1] 5/-1/-1->1->2|2->1->5/-1/-1
[1,0]<stdout>:algo-1:170:170 [0] NCCL INFO Channel 00/02 :    0   3   2   1   5   6   7   4   8  11  10   9  13  14  15  12
[1,0]<stdout>:algo-1:170:170 [0] NCCL INFO Channel 01/02 :    0   3   2   1   5   6   7   4   8  11  10   9  13  14  15  12
[1,2]<stdout>:algo-1:174:174 [2] NCCL INFO threadThresholds 8/8/64 | 128/8/64 | 8/8/64
[1,2]<stdout>:algo-1:174:174 [2] NCCL INFO Trees [0] 1/-1/-1->2->3|3->2->1/-1/-1 [1] 1/-1/-1->2->3|3->2->1/-1/-1
[1,4]<stdout>:algo-1:178:178 [4] NCCL INFO threadThresholds 8/8/64 | 128/8/64 | 8/8/64
[1,3]<stdout>:algo-1:176:176 [3] NCCL INFO threadThresholds 8/8/64 | 128/8/64 | 8/8/64
[1,3]<stdout>:algo-1:176:176 [3] NCCL INFO Trees [0] 2/8/-1->3->0|0->3->2/8/-1 [1] 2/-1/-1->3->0|0->3->2/-1/-1
[1,5]<stdout>:algo-1:179:179 [5] NCCL INFO threadThresholds 8/8/64 | 128/8/64 | 8/8/64
[1,5]<stdout>:algo-1:179:179 [5] NCCL INFO Trees [0] 6/-1/-1->5->1|1->5->6/-1/-1 [1] 6/-1/-1->5->1|1->5->6/-1/-1
[1,0]<stdout>:algo-1:170:170 [0] NCCL INFO threadThresholds 8/8/64 | 128/8/64 | 8/8/64
[1,0]<stdout>:algo-1:170:170 [0] NCCL INFO Trees [0] 3/-1/-1->0->-1|-1->0->3/-1/-1 [1] 3/-1/-1->0->11|11->0->3/-1/-1
[1,4]<stdout>:algo-1:178:178 [4] NCCL INFO Trees [0] -1/-1/-1->4->7|7->4->-1/-1/-1 [1] -1/-1/-1->4->7|7->4->-1/-1/-1
[1,10]<stdout>:algo-2:182:182 [2] NCCL INFO threadThresholds 8/8/64 | 128/8/64 | 8/8/64
[1,10]<stdout>:algo-2:182:182 [2] NCCL INFO Trees [0] 9/-1/-1->10->11|11->10->9/-1/-1 [1] 9/-1/-1->10->11|11->10->9/-1/-1
[1,9]<stdout>:algo-2:181:181 [1] NCCL INFO threadThresholds 8/8/64 | 128/8/64 | 8/8/64
[1,9]<stdout>:algo-2:181:181 [1] NCCL INFO Trees [0] 13/-1/-1->9->10|10->9->13/-1/-1 [1] 13/-1/-1->9->10|10->9->13/-1/-1
[1,12]<stdout>:algo-2:187:187 [4] NCCL INFO threadThresholds 8/8/64 | 128/8/64 | 8/8/64
[1,12]<stdout>:algo-2:187:187 [4] NCCL INFO Trees [0] -1/-1/-1->12->15|15->12->-1/-1/-1 [1] -1/-1/-1->12->15|15->12->-1/-1/-1
[1,8]<stdout>:algo-2:178:178 [0] NCCL INFO threadThresholds 8/8/64 | 128/8/64 | 8/8/64
[1,8]<stdout>:algo-2:178:178 [0] NCCL INFO Trees [0] 11/-1/-1->8->3|3->8->11/-1/-1 [1] 11/-1/-1->8->-1|-1->8->11/-1/-1
[1,11]<stdout>:algo-2:185:185 [3] NCCL INFO threadThresholds 8/8/64 | 128/8/64 | 8/8/64
[1,11]<stdout>:algo-2:185:185 [3] NCCL INFO Trees [0] 10/-1/-1->11->8|8->11->10/-1/-1 [1] 10/0/-1->11->8|8->11->10/0/-1
[1,13]<stdout>:algo-2:188:188 [5] NCCL INFO threadThresholds 8/8/64 | 128/8/64 | 8/8/64
[1,13]<stdout>:algo-2:188:188 [5] NCCL INFO Trees [0] 14/-1/-1->13->9|9->13->14/-1/-1 [1] 14/-1/-1->13->9|9->13->14/-1/-1
[1,14]<stdout>:algo-2:189:189 [6] NCCL INFO threadThresholds 8/8/64 | 128/8/64 | 8/8/64
[1,14]<stdout>:algo-2:189:189 [6] NCCL INFO Trees [0] 15/-1/-1->14->13|13->14->15/-1/-1 [1] 15/-1/-1->14->13|13->14->15/-1/-1
[1,15]<stdout>:algo-2:190:190 [7] NCCL INFO threadThresholds 8/8/64 | 128/8/64 | 8/8/64
[1,15]<stdout>:algo-2:190:190 [7] NCCL INFO Trees [0] 12/-1/-1->15->14|14->15->12/-1/-1 [1] 12/-1/-1->15->14|14->15->12/-1/-1
[1,7]<stdout>:algo-1:181:181 [7] NCCL INFO Channel 00 : 7[1e0] -> 4[1b0] via P2P/IPC
[1,6]<stdout>:algo-1:180:180 [6] NCCL INFO Channel 00 : 6[1d0] -> 7[1e0] via P2P/IPC
[1,13]<stdout>:algo-2:188:188 [5] NCCL INFO Channel 00 : 13[1c0] -> 14[1d0] via P2P/IPC
[1,1]<stdout>:algo-1:172:172 [1] NCCL INFO Channel 00 : 1[180] -> 5[1c0] via P2P/IPC
[1,5]<stdout>:algo-1:179:179 [5] NCCL INFO Channel 00 : 5[1c0] -> 6[1d0] via P2P/IPC
[1,2]<stdout>:algo-1:174:174 [2] NCCL INFO Channel 00 : 2[190] -> 1[180] via P2P/IPC
[1,3]<stdout>:algo-1:176:176 [3] NCCL INFO Channel 00 : 3[1a0] -> 2[190] via P2P/IPC
[1,14]<stdout>:algo-2:189:189 [6] NCCL INFO Channel 00 : 14[1d0] -> 15[1e0] via P2P/IPC
[1,11]<stdout>:algo-2:185:185 [3] NCCL INFO Channel 00 : 11[1a0] -> 10[190] via P2P/IPC
[1,15]<stdout>:algo-2:190:190 [7] NCCL INFO Channel 00 : 15[1e0] -> 12[1b0] via P2P/IPC
[1,10]<stdout>:algo-2:182:182 [2] NCCL INFO Channel 00 : 10[190] -> 9[180] via P2P/IPC
[1,9]<stdout>:algo-2:181:181 [1] NCCL INFO Channel 00 : 9[180] -> 13[1c0] via P2P/IPC
[1,0]<stdout>:algo-1:170:170 [0] NCCL INFO Channel 00 : 12[1b0] -> 0[170] [receive] via NET/Socket/0
[1,8]<stdout>:algo-2:178:178 [0] NCCL INFO Channel 00 : 4[1b0] -> 8[170] [receive] via NET/Socket/0
[1,8]<stdout>:algo-2:178:178 [0] NCCL INFO NET/Socket: Using 2 threads and 8 sockets per thread
[1,0]<stdout>:algo-1:170:170 [0] NCCL INFO NET/Socket: Using 2 threads and 8 sockets per thread
[1,4]<stdout>:algo-1:178:178 [4] NCCL INFO Channel 00 : 4[1b0] -> 8[170] [send] via NET/Socket/0
[1,12]<stdout>:algo-2:187:187 [4] NCCL INFO Channel 00 : 12[1b0] -> 0[170] [send] via NET/Socket/0
[1,0]<stdout>:algo-1:170:170 [0] NCCL INFO Channel 00 : 0[170] -> 3[1a0] via P2P/IPC
[1,8]<stdout>:algo-2:178:178 [0] NCCL INFO Channel 00 : 8[170] -> 11[1a0] via P2P/IPC
[1,7]<stdout>:algo-1:181:181 [7] NCCL INFO Channel 00 : 7[1e0] -> 6[1d0] via P2P/IPC
[1,6]<stdout>:algo-1:180:180 [6] NCCL INFO Channel 00 : 6[1d0] -> 5[1c0] via P2P/IPC
[1,13]<stdout>:algo-2:188:188 [5] NCCL INFO Channel 00 : 13[1c0] -> 9[180] via P2P/IPC
[1,15]<stdout>:algo-2:190:190 [7] NCCL INFO Channel 00 : 15[1e0] -> 14[1d0] via P2P/IPC
[1,14]<stdout>:algo-2:189:189 [6] NCCL INFO Channel 00 : 14[1d0] -> 13[1c0] via P2P/IPC
[1,10]<stdout>:algo-2:182:182 [2] NCCL INFO Channel 00 : 10[190] -> 11[1a0] via P2P/IPC
[1,9]<stdout>:algo-2:181:181 [1] NCCL INFO Channel 00 : 9[180] -> 10[190] via P2P/IPC
[1,1]<stdout>:algo-1:172:172 [1] NCCL INFO Channel 00 : 1[180] -> 2[190] via P2P/IPC
[1,2]<stdout>:algo-1:174:174 [2] NCCL INFO Channel 00 : 2[190] -> 3[1a0] via P2P/IPC
[1,5]<stdout>:algo-1:179:179 [5] NCCL INFO Channel 00 : 5[1c0] -> 1[180] via P2P/IPC
[1,11]<stdout>:algo-2:185:185 [3] NCCL INFO Channel 00 : 11[1a0] -> 8[170] via P2P/IPC
[1,12]<stdout>:algo-2:187:187 [4] NCCL INFO Channel 00 : 12[1b0] -> 15[1e0] via P2P/IPC
[1,4]<stdout>:algo-1:178:178 [4] NCCL INFO Channel 00 : 4[1b0] -> 7[1e0] via P2P/IPC
[1,3]<stdout>:algo-1:176:176 [3] NCCL INFO Channel 00 : 8[170] -> 3[1a0] [receive] via NET/Socket/0
[1,3]<stdout>:algo-1:176:176 [3] NCCL INFO NET/Socket: Using 2 threads and 8 sockets per thread
[1,8]<stdout>:algo-2:178:178 [0] NCCL INFO Channel 00 : 8[170] -> 3[1a0] [send] via NET/Socket/0
[1,13]<stdout>:algo-2:188:188 [5] NCCL INFO Channel 01 : 13[1c0] -> 14[1d0] via P2P/IPC
[1,3]<stdout>:algo-1:176:176 [3] NCCL INFO Channel 00 : 3[1a0] -> 0[170] via P2P/IPC
[1,14]<stdout>:algo-2:189:189 [6] NCCL INFO Channel 01 : 14[1d0] -> 15[1e0] via P2P/IPC
[1,10]<stdout>:algo-2:182:182 [2] NCCL INFO Channel 01 : 10[190] -> 9[180] via P2P/IPC
[1,6]<stdout>:algo-1:180:180 [6] NCCL INFO Channel 01 : 6[1d0] -> 7[1e0] via P2P/IPC
[1,9]<stdout>:algo-2:181:181 [1] NCCL INFO Channel 01 : 9[180] -> 13[1c0] via P2P/IPC
[1,1]<stdout>:algo-1:172:172 [1] NCCL INFO Channel 01 : 1[180] -> 5[1c0] via P2P/IPC
[1,2]<stdout>:algo-1:174:174 [2] NCCL INFO Channel 01 : 2[190] -> 1[180] via P2P/IPC
[1,5]<stdout>:algo-1:179:179 [5] NCCL INFO Channel 01 : 5[1c0] -> 6[1d0] via P2P/IPC
[1,15]<stdout>:algo-2:190:190 [7] NCCL INFO Channel 01 : 15[1e0] -> 12[1b0] via P2P/IPC
[1,11]<stdout>:algo-2:185:185 [3] NCCL INFO Channel 01 : 11[1a0] -> 10[190] via P2P/IPC
[1,7]<stdout>:algo-1:181:181 [7] NCCL INFO Channel 01 : 7[1e0] -> 4[1b0] via P2P/IPC
[1,12]<stdout>:algo-2:187:187 [4] NCCL INFO Channel 01 : 12[1b0] -> 0[170] [send] via NET/Socket/0
[1,4]<stdout>:algo-1:178:178 [4] NCCL INFO Channel 01 : 4[1b0] -> 8[170] [send] via NET/Socket/0
[1,0]<stdout>:algo-1:170:170 [0] NCCL INFO Channel 01 : 12[1b0] -> 0[170] [receive] via NET/Socket/0
[1,0]<stdout>:algo-1:170:170 [0] NCCL INFO NET/Socket: Using 2 threads and 8 sockets per thread
[1,13]<stdout>:algo-2:188:188 [5] NCCL INFO Channel 01 : 13[1c0] -> 9[180] via P2P/IPC
[1,14]<stdout>:algo-2:189:189 [6] NCCL INFO Channel 01 : 14[1d0] -> 13[1c0] via P2P/IPC
[1,9]<stdout>:algo-2:181:181 [1] NCCL INFO Channel 01 : 9[180] -> 10[190] via P2P/IPC
[1,6]<stdout>:algo-1:180:180 [6] NCCL INFO Channel 01 : 6[1d0] -> 5[1c0] via P2P/IPC
[1,10]<stdout>:algo-2:182:182 [2] NCCL INFO Channel 01 : 10[190] -> 11[1a0] via P2P/IPC
[1,3]<stdout>:algo-1:176:176 [3] NCCL INFO Channel 00 : 3[1a0] -> 8[170] [send] via NET/Socket/0
[1,15]<stdout>:algo-2:190:190 [7] NCCL INFO Channel 01 : 15[1e0] -> 14[1d0] via P2P/IPC
[1,1]<stdout>:algo-1:172:172 [1] NCCL INFO Channel 01 : 1[180] -> 2[190] via P2P/IPC
[1,5]<stdout>:algo-1:179:179 [5] NCCL INFO Channel 01 : 5[1c0] -> 1[180] via P2P/IPC
[1,0]<stdout>:algo-1:170:170 [0] NCCL INFO Channel 01 : 0[170] -> 3[1a0] via P2P/IPC
[1,13]<stdout>:algo-2:188:188 [5] NCCL INFO 2 coll channels, 2 p2p channels, 1 p2p channels per peer
[1,13]<stdout>:algo-2:188:188 [5] NCCL INFO comm 0x5616c45d9cd0 rank 13 nranks 16 cudaDev 5 busId 1c0 - Init COMPLETE
[1,7]<stdout>:algo-1:181:181 [7] NCCL INFO Channel 01 : 7[1e0] -> 6[1d0] via P2P/IPC
[1,14]<stdout>:algo-2:189:189 [6] NCCL INFO 2 coll channels, 2 p2p channels, 1 p2p channels per peer
[1,14]<stdout>:algo-2:189:189 [6] NCCL INFO comm 0x5609f1e83560 rank 14 nranks 16 cudaDev 6 busId 1d0 - Init COMPLETE
[1,8]<stdout>:algo-2:178:178 [0] NCCL INFO Channel 00 : 3[1a0] -> 8[170] [receive] via NET/Socket/0
[1,9]<stdout>:algo-2:181:181 [1] NCCL INFO 2 coll channels, 2 p2p channels, 1 p2p channels per peer
[1,8]<stdout>:algo-2:178:178 [0] NCCL INFO NET/Socket: Using 2 threads and 8 sockets per thread
[1,6]<stdout>:algo-1:180:180 [6] NCCL INFO 2 coll channels, 2 p2p channels, 1 p2p channels per peer
[1,9]<stdout>:algo-2:181:181 [1] NCCL INFO comm 0x55b937a177a0 rank 9 nranks 16 cudaDev 1 busId 180 - Init COMPLETE
[1,6]<stdout>:algo-1:180:180 [6] NCCL INFO comm 0x558a2a90a090 rank 6 nranks 16 cudaDev 6 busId 1d0 - Init COMPLETE
[1,5]<stdout>:algo-1:179:179 [5] NCCL INFO 2 coll channels, 2 p2p channels, 1 p2p channels per peer
[1,5]<stdout>:algo-1:179:179 [5] NCCL INFO comm 0x560f83180ad0 rank 5 nranks 16 cudaDev 5 busId 1c0 - Init COMPLETE
[1,12]<stdout>:algo-2:187:187 [4] NCCL INFO Channel 01 : 12[1b0] -> 15[1e0] via P2P/IPC
[1,15]<stdout>:algo-2:190:190 [7] NCCL INFO 2 coll channels, 2 p2p channels, 1 p2p channels per peer
[1,12]<stdout>:algo-2:187:187 [4] NCCL INFO 2 coll channels, 2 p2p channels, 1 p2p channels per peer
[1,15]<stdout>:algo-2:190:190 [7] NCCL INFO comm 0x56245bdb20d0 rank 15 nranks 16 cudaDev 7 busId 1e0 - Init COMPLETE
[1,12]<stdout>:algo-2:187:187 [4] NCCL INFO comm 0x5578c41a6260 rank 12 nranks 16 cudaDev 4 busId 1b0 - Init COMPLETE
[1,3]<stdout>:algo-1:176:176 [3] NCCL INFO Channel 01 : 3[1a0] -> 2[190] via P2P/IPC
[1,2]<stdout>:algo-1:174:174 [2] NCCL INFO Channel 01 : 2[190] -> 3[1a0] via P2P/IPC
[1,1]<stdout>:algo-1:172:172 [1] NCCL INFO 2 coll channels, 2 p2p channels, 1 p2p channels per peer
[1,3]<stdout>:algo-1:176:176 [3] NCCL INFO Channel 01 : 3[1a0] -> 0[170] via P2P/IPC
[1,1]<stdout>:algo-1:172:172 [1] NCCL INFO comm 0x5602eac99be0 rank 1 nranks 16 cudaDev 1 busId 180 - Init COMPLETE
[1,8]<stdout>:algo-2:178:178 [0] NCCL INFO Channel 01 : 4[1b0] -> 8[170] [receive] via NET/Socket/0
[1,8]<stdout>:algo-2:178:178 [0] NCCL INFO NET/Socket: Using 2 threads and 8 sockets per thread
[1,2]<stdout>:algo-1:174:174 [2] NCCL INFO 2 coll channels, 2 p2p channels, 1 p2p channels per peer
[1,2]<stdout>:algo-1:174:174 [2] NCCL INFO comm 0x56228525dc60 rank 2 nranks 16 cudaDev 2 busId 190 - Init COMPLETE
[1,8]<stdout>:algo-2:178:178 [0] NCCL INFO Channel 01 : 8[170] -> 11[1a0] via P2P/IPC
[1,3]<stdout>:algo-1:176:176 [3] NCCL INFO 2 coll channels, 2 p2p channels, 1 p2p channels per peer
[1,3]<stdout>:algo-1:176:176 [3] NCCL INFO comm 0x555d88639550 rank 3 nranks 16 cudaDev 3 busId 1a0 - Init COMPLETE
[1,0]<stdout>:algo-1:170:170 [0] NCCL INFO Channel 01 : 0[170] -> 11[1a0] [send] via NET/Socket/0
[1,10]<stdout>:algo-2:182:182 [2] NCCL INFO 2 coll channels, 2 p2p channels, 1 p2p channels per peer
[1,10]<stdout>:algo-2:182:182 [2] NCCL INFO comm 0x5613f02e5490 rank 10 nranks 16 cudaDev 2 busId 190 - Init COMPLETE
[1,4]<stdout>:algo-1:178:178 [4] NCCL INFO Channel 01 : 4[1b0] -> 7[1e0] via P2P/IPC
[1,7]<stdout>:algo-1:181:181 [7] NCCL INFO 2 coll channels, 2 p2p channels, 1 p2p channels per peer
[1,4]<stdout>:algo-1:178:178 [4] NCCL INFO 2 coll channels, 2 p2p channels, 1 p2p channels per peer
[1,7]<stdout>:algo-1:181:181 [7] NCCL INFO comm 0x557ee00d9bc0 rank 7 nranks 16 cudaDev 7 busId 1e0 - Init COMPLETE
[1,4]<stdout>:algo-1:178:178 [4] NCCL INFO comm 0x55eb0d5a4230 rank 4 nranks 16 cudaDev 4 busId 1b0 - Init COMPLETE
[1,11]<stdout>:algo-2:185:185 [3] NCCL INFO Channel 01 : 0[170] -> 11[1a0] [receive] via NET/Socket/0
[1,11]<stdout>:algo-2:185:185 [3] NCCL INFO NET/Socket: Using 2 threads and 8 sockets per thread
[1,11]<stdout>:algo-2:185:185 [3] NCCL INFO Channel 01 : 11[1a0] -> 8[170] via P2P/IPC
[1,8]<stdout>:algo-2:178:178 [0] NCCL INFO 2 coll channels, 2 p2p channels, 1 p2p channels per peer
[1,8]<stdout>:algo-2:178:178 [0] NCCL INFO comm 0x5601de0f70d0 rank 8 nranks 16 cudaDev 0 busId 170 - Init COMPLETE
[1,11]<stdout>:algo-2:185:185 [3] NCCL INFO Channel 01 : 11[1a0] -> 0[170] [send] via NET/Socket/0
[1,0]<stdout>:algo-1:170:170 [0] NCCL INFO Channel 01 : 11[1a0] -> 0[170] [receive] via NET/Socket/0
[1,0]<stdout>:algo-1:170:170 [0] NCCL INFO NET/Socket: Using 2 threads and 8 sockets per thread
[1,0]<stdout>:algo-1:170:170 [0] NCCL INFO 2 coll channels, 2 p2p channels, 1 p2p channels per peer
[1,11]<stdout>:algo-2:185:185 [3] NCCL INFO 2 coll channels, 2 p2p channels, 1 p2p channels per peer
[1,0]<stdout>:algo-1:170:170 [0] NCCL INFO comm 0x559c32be25c0 rank 0 nranks 16 cudaDev 0 busId 170 - Init COMPLETE
[1,11]<stdout>:algo-2:185:185 [3] NCCL INFO comm 0x55a61e881320 rank 11 nranks 16 cudaDev 3 busId 1a0 - Init COMPLETE
[1,10]<stdout>:Dist size 16 rank: 10
[1,9]<stdout>:Dist size 16 rank: 9
[1,15]<stdout>:Dist size 16 rank: 15
[1,13]<stdout>:Dist size 16 rank: 13
[1,12]<stdout>:Dist size 16 rank: 12
[1,11]<stdout>:Dist size 16 rank: 11
[1,14]<stdout>:Dist size 16 rank: 14
[1,10]<stdout>:Hyperparameters: {'batch_size': '128', 'sagemaker_distributed_dataparallel_enabled': 'true', 'sagemaker_program': '"mnist.py"', 'sagemaker_region': '"us-east-1"', 'sagemaker_submit_directory': '"s3://sagemaker-us-east-1-118451457254/mnist-cs4513-2021-05-01-00-47-41-879/source/sourcedir.tar.gz"', 'sagemaker_instance_type': '"ml.p3.16xlarge"', 'sagemaker_container_log_level': '20', 'N_workers': '16', 'model_dir': '"s3://sagemaker-us-east-1-118451457254/mnist-cs4513-2021-05-01-00-47-41-879/model"', 'sagemaker_job_name': '"mnist-cs4513-2021-05-01-00-47-41-879"', 'epochs': '100', 'learning_rate': '0.000125', 'sagemaker_distributed_dataparallel_custom_mpi_options': '""'}
[1,9]<stdout>:Hyperparameters: {'batch_size': '128', 'sagemaker_distributed_dataparallel_enabled': 'true', 'sagemaker_program': '"mnist.py"', 'sagemaker_region': '"us-east-1"', 'sagemaker_submit_directory': '"s3://sagemaker-us-east-1-118451457254/mnist-cs4513-2021-05-01-00-47-41-879/source/sourcedir.tar.gz"', 'sagemaker_instance_type': '"ml.p3.16xlarge"', 'sagemaker_container_log_level': '20', 'N_workers': '16', 'model_dir': '"s3://sagemaker-us-east-1-118451457254/mnist-cs4513-2021-05-01-00-47-41-879/model"', 'sagemaker_job_name': '"mnist-cs4513-2021-05-01-00-47-41-879"', 'epochs': '100', 'learning_rate': '0.000125', 'sagemaker_distributed_dataparallel_custom_mpi_options': '""'}
[1,15]<stdout>:Hyperparameters: {'batch_size': '128', 'sagemaker_distributed_dataparallel_enabled': 'true', 'sagemaker_program': '"mnist.py"', 'sagemaker_region': '"us-east-1"', 'sagemaker_submit_directory': '"s3://sagemaker-us-east-1-118451457254/mnist-cs4513-2021-05-01-00-47-41-879/source/sourcedir.tar.gz"', 'sagemaker_instance_type': '"ml.p3.16xlarge"', 'sagemaker_container_log_level': '20', 'N_workers': '16', 'model_dir': '"s3://sagemaker-us-east-1-118451457254/mnist-cs4513-2021-05-01-00-47-41-879/model"', 'sagemaker_job_name': '"mnist-cs4513-2021-05-01-00-47-41-879"', 'epochs': '100', 'learning_rate': '0.000125', 'sagemaker_distributed_dataparallel_custom_mpi_options': '""'}
[1,13]<stdout>:Hyperparameters: {'batch_size': '128', 'sagemaker_distributed_dataparallel_enabled': 'true', 'sagemaker_program': '"mnist.py"', 'sagemaker_region': '"us-east-1"', 'sagemaker_submit_directory': '"s3://sagemaker-us-east-1-118451457254/mnist-cs4513-2021-05-01-00-47-41-879/source/sourcedir.tar.gz"', 'sagemaker_instance_type': '"ml.p3.16xlarge"', 'sagemaker_container_log_level': '20', 'N_workers': '16', 'model_dir': '"s3://sagemaker-us-east-1-118451457254/mnist-cs4513-2021-05-01-00-47-41-879/model"', 'sagemaker_job_name': '"mnist-cs4513-2021-05-01-00-47-41-879"', 'epochs': '100', 'learning_rate': '0.000125', 'sagemaker_distributed_dataparallel_custom_mpi_options': '""'}
[1,12]<stdout>:Hyperparameters: {'batch_size': '128', 'sagemaker_distributed_dataparallel_enabled': 'true', 'sagemaker_program': '"mnist.py"', 'sagemaker_region': '"us-east-1"', 'sagemaker_submit_directory': '"s3://sagemaker-us-east-1-118451457254/mnist-cs4513-2021-05-01-00-47-41-879/source/sourcedir.tar.gz"', 'sagemaker_instance_type': '"ml.p3.16xlarge"', 'sagemaker_container_log_level': '20', 'N_workers': '16', 'model_dir': '"s3://sagemaker-us-east-1-118451457254/mnist-cs4513-2021-05-01-00-47-41-879/model"', 'sagemaker_job_name': '"mnist-cs4513-2021-05-01-00-47-41-879"', 'epochs': '100', 'learning_rate': '0.000125', 'sagemaker_distributed_dataparallel_custom_mpi_options': '""'}
[1,8]<stdout>:Dist size 16 rank: 8
[1,11]<stdout>:Hyperparameters: {'batch_size': '128', 'sagemaker_distributed_dataparallel_enabled': 'true', 'sagemaker_program': '"mnist.py"', 'sagemaker_region': '"us-east-1"', 'sagemaker_submit_directory': '"s3://sagemaker-us-east-1-118451457254/mnist-cs4513-2021-05-01-00-47-41-879/source/sourcedir.tar.gz"', 'sagemaker_instance_type': '"ml.p3.16xlarge"', 'sagemaker_container_log_level': '20', 'N_workers': '16', 'model_dir': '"s3://sagemaker-us-east-1-118451457254/mnist-cs4513-2021-05-01-00-47-41-879/model"', 'sagemaker_job_name': '"mnist-cs4513-2021-05-01-00-47-41-879"', 'epochs': '100', 'learning_rate': '0.000125', 'sagemaker_distributed_dataparallel_custom_mpi_options': '""'}
[1,14]<stdout>:Hyperparameters: {'batch_size': '128', 'sagemaker_distributed_dataparallel_enabled': 'true', 'sagemaker_program': '"mnist.py"', 'sagemaker_region': '"us-east-1"', 'sagemaker_submit_directory': '"s3://sagemaker-us-east-1-118451457254/mnist-cs4513-2021-05-01-00-47-41-879/source/sourcedir.tar.gz"', 'sagemaker_instance_type': '"ml.p3.16xlarge"', 'sagemaker_container_log_level': '20', 'N_workers': '16', 'model_dir': '"s3://sagemaker-us-east-1-118451457254/mnist-cs4513-2021-05-01-00-47-41-879/model"', 'sagemaker_job_name': '"mnist-cs4513-2021-05-01-00-47-41-879"', 'epochs': '100', 'learning_rate': '0.000125', 'sagemaker_distributed_dataparallel_custom_mpi_options': '""'}
[1,8]<stdout>:Hyperparameters: [1,8]<stdout>:{'batch_size': '128', 'sagemaker_distributed_dataparallel_enabled': 'true', 'sagemaker_program': '"mnist.py"', 'sagemaker_region': '"us-east-1"', 'sagemaker_submit_directory': '"s3://sagemaker-us-east-1-118451457254/mnist-cs4513-2021-05-01-00-47-41-879/source/sourcedir.tar.gz"', 'sagemaker_instance_type': '"ml.p3.16xlarge"', 'sagemaker_container_log_level': '20', 'N_workers': '16', 'model_dir': '"s3://sagemaker-us-east-1-118451457254/mnist-cs4513-2021-05-01-00-47-41-879/model"', 'sagemaker_job_name': '"mnist-cs4513-2021-05-01-00-47-41-879"', 'epochs': '100', 'learning_rate': '0.000125', 'sagemaker_distributed_dataparallel_custom_mpi_options': '""'}
[1,4]<stdout>:Dist size 16 rank: 4
[1,6]<stdout>:Dist size 16 rank: 6
[1,2]<stdout>:Dist size 16 rank: 2
[1,5]<stdout>:Dist size 16 rank: 5
[1,1]<stdout>:Dist size 16 rank: 1
[1,3]<stdout>:Dist size 16 rank: 3
[1,7]<stdout>:Dist size 16 rank: 7
[1,0]<stdout>:Running smdistributed.dataparallel v1.1.2
[1,0]<stdout>:Dist size 16 rank: 0
[1,3]<stdout>:Hyperparameters: {'batch_size': '128', 'sagemaker_distributed_dataparallel_enabled': 'true', 'sagemaker_program': '"mnist.py"', 'sagemaker_region': '"us-east-1"', 'sagemaker_submit_directory': '"s3://sagemaker-us-east-1-118451457254/mnist-cs4513-2021-05-01-00-47-41-879/source/sourcedir.tar.gz"', 'sagemaker_instance_type': '"ml.p3.16xlarge"', 'sagemaker_container_log_level': '20', 'N_workers': '16', 'model_dir': '"s3://sagemaker-us-east-1-118451457254/mnist-cs4513-2021-05-01-00-47-41-879/model"', 'sagemaker_job_name': '"mnist-cs4513-2021-05-01-00-47-41-879"', 'epochs': '100', 'learning_rate': '0.000125', 'sagemaker_distributed_dataparallel_custom_mpi_options': '""'}
[1,0]<stdout>:Hyperparameters: {'batch_size': '128', 'sagemaker_distributed_dataparallel_enabled': 'true', 'sagemaker_program': '"mnist.py"', 'sagemaker_region': '"us-east-1"', 'sagemaker_submit_directory': '"s3://sagemaker-us-east-1-118451457254/mnist-cs4513-2021-05-01-00-47-41-879/source/sourcedir.tar.gz"', 'sagemaker_instance_type': '"ml.p3.16xlarge"', 'sagemaker_container_log_level': '20', 'N_workers': '16', 'model_dir': '"s3://sagemaker-us-east-1-118451457254/mnist-cs4513-2021-05-01-00-47-41-879/model"', 'sagemaker_job_name': '"mnist-cs4513-2021-05-01-00-47-41-879"', 'epochs': '100', 'learning_rate': '0.000125', 'sagemaker_distributed_dataparallel_custom_mpi_options': '""'}
[1,7]<stdout>:Hyperparameters: {'batch_size': '128', 'sagemaker_distributed_dataparallel_enabled': 'true', 'sagemaker_program': '"mnist.py"', 'sagemaker_region': '"us-east-1"', 'sagemaker_submit_directory': '"s3://sagemaker-us-east-1-118451457254/mnist-cs4513-2021-05-01-00-47-41-879/source/sourcedir.tar.gz"', 'sagemaker_instance_type': '"ml.p3.16xlarge"', 'sagemaker_container_log_level': '20', 'N_workers': '16', 'model_dir': '"s3://sagemaker-us-east-1-118451457254/mnist-cs4513-2021-05-01-00-47-41-879/model"', 'sagemaker_job_name': '"mnist-cs4513-2021-05-01-00-47-41-879"', 'epochs': '100', 'learning_rate': '0.000125', 'sagemaker_distributed_dataparallel_custom_mpi_options': '""'}
[1,4]<stdout>:Hyperparameters: {'batch_size': '128', 'sagemaker_distributed_dataparallel_enabled': 'true', 'sagemaker_program': '"mnist.py"', 'sagemaker_region': '"us-east-1"', 'sagemaker_submit_directory': '"s3://sagemaker-us-east-1-118451457254/mnist-cs4513-2021-05-01-00-47-41-879/source/sourcedir.tar.gz"', 'sagemaker_instance_type': '"ml.p3.16xlarge"', 'sagemaker_container_log_level': '20', 'N_workers': '16', 'model_dir': '"s3://sagemaker-us-east-1-118451457254/mnist-cs4513-2021-05-01-00-47-41-879/model"', 'sagemaker_job_name': '"mnist-cs4513-2021-05-01-00-47-41-879"', 'epochs': '100', 'learning_rate': '0.000125', 'sagemaker_distributed_dataparallel_custom_mpi_options': '""'}
[1,6]<stdout>:Hyperparameters: {'batch_size': '128', 'sagemaker_distributed_dataparallel_enabled': 'true', 'sagemaker_program': '"mnist.py"', 'sagemaker_region': '"us-east-1"', 'sagemaker_submit_directory': '"s3://sagemaker-us-east-1-118451457254/mnist-cs4513-2021-05-01-00-47-41-879/source/sourcedir.tar.gz"', 'sagemaker_instance_type': '"ml.p3.16xlarge"', 'sagemaker_container_log_level': '20', 'N_workers': '16', 'model_dir': '"s3://sagemaker-us-east-1-118451457254/mnist-cs4513-2021-05-01-00-47-41-879/model"', 'sagemaker_job_name': '"mnist-cs4513-2021-05-01-00-47-41-879"', 'epochs': '100', 'learning_rate': '0.000125', 'sagemaker_distributed_dataparallel_custom_mpi_options': '""'}
[1,2]<stdout>:Hyperparameters: {'batch_size': '128', 'sagemaker_distributed_dataparallel_enabled': 'true', 'sagemaker_program': '"mnist.py"', 'sagemaker_region': '"us-east-1"', 'sagemaker_submit_directory': '"s3://sagemaker-us-east-1-118451457254/mnist-cs4513-2021-05-01-00-47-41-879/source/sourcedir.tar.gz"', 'sagemaker_instance_type': '"ml.p3.16xlarge"', 'sagemaker_container_log_level': '20', 'N_workers': '16', 'model_dir': '"s3://sagemaker-us-east-1-118451457254/mnist-cs4513-2021-05-01-00-47-41-879/model"', 'sagemaker_job_name': '"mnist-cs4513-2021-05-01-00-47-41-879"', 'epochs': '100', 'learning_rate': '0.000125', 'sagemaker_distributed_dataparallel_custom_mpi_options': '""'}
[1,5]<stdout>:Hyperparameters: {'batch_size': '128', 'sagemaker_distributed_dataparallel_enabled': 'true', 'sagemaker_program': '"mnist.py"', 'sagemaker_region': '"us-east-1"', 'sagemaker_submit_directory': '"s3://sagemaker-us-east-1-118451457254/mnist-cs4513-2021-05-01-00-47-41-879/source/sourcedir.tar.gz"', 'sagemaker_instance_type': '"ml.p3.16xlarge"', 'sagemaker_container_log_level': '20', 'N_workers': '16', 'model_dir': '"s3://sagemaker-us-east-1-118451457254/mnist-cs4513-2021-05-01-00-47-41-879/model"', 'sagemaker_job_name': '"mnist-cs4513-2021-05-01-00-47-41-879"', 'epochs': '100', 'learning_rate': '0.000125', 'sagemaker_distributed_dataparallel_custom_mpi_options': '""'}
[1,1]<stdout>:Hyperparameters: {'batch_size': '128', 'sagemaker_distributed_dataparallel_enabled': 'true', 'sagemaker_program': '"mnist.py"', 'sagemaker_region': '"us-east-1"', 'sagemaker_submit_directory': '"s3://sagemaker-us-east-1-118451457254/mnist-cs4513-2021-05-01-00-47-41-879/source/sourcedir.tar.gz"', 'sagemaker_instance_type': '"ml.p3.16xlarge"', 'sagemaker_container_log_level': '20', 'N_workers': '16', 'model_dir': '"s3://sagemaker-us-east-1-118451457254/mnist-cs4513-2021-05-01-00-47-41-879/model"', 'sagemaker_job_name': '"mnist-cs4513-2021-05-01-00-47-41-879"', 'epochs': '100', 'learning_rate': '0.000125', 'sagemaker_distributed_dataparallel_custom_mpi_options': '""'}
[1,9]<stdout>:there are GPUS
[1,11]<stdout>:there are GPUS
[1,10]<stdout>:there are GPUS
[1,12]<stdout>:there are GPUS
[1,13]<stdout>:there are GPUS
[1,14]<stdout>:there are GPUS
[1,15]<stdout>:there are GPUS
[1,8]<stdout>:there are GPUS
[1,3]<stdout>:there are GPUS
[1,5]<stdout>:there are GPUS
[1,4]<stdout>:there are GPUS
[1,7]<stdout>:there are GPUS
[1,6]<stdout>:there are GPUS
[1,0]<stdout>:there are GPUS
[1,1]<stdout>:there are GPUS
[1,2]<stdout>:there are GPUS
2021-05-01 00:56:22,492 sagemaker-training-toolkit INFO     Orted process exited
Warning: Permanently added 'algo-2,10.0.227.171' (ECDSA) to the list of known hosts.#015
[1,8]<stderr>:2021-05-01 00:53:46.297466: W tensorflow/core/profiler/internal/smprofiler_timeline.cc:460] Initializing the SageMaker Profiler.
[1,9]<stderr>:2021-05-01 00:53:46.297472: W tensorflow/core/profiler/internal/smprofiler_timeline.cc:460] Initializing the SageMaker Profiler.
[1,12]<stderr>:2021-05-01 00:53:46.297466: W tensorflow/core/profiler/internal/smprofiler_timeline.cc:460] Initializing the SageMaker Profiler.
[1,8]<stderr>:2021-05-01 00:53:46.297710: W tensorflow/core/profiler/internal/smprofiler_timeline.cc:105] SageMaker Profiler is not enabled. The timeline writer thread will not be started, future recorded events will be dropped.
[1,10]<stderr>:2021-05-01 00:53:46.297637: W tensorflow/core/profiler/internal/smprofiler_timeline.cc:460] Initializing the SageMaker Profiler.
[1,9]<stderr>:2021-05-01 00:53:46.297714: W tensorflow/core/profiler/internal/smprofiler_timeline.cc:105] SageMaker Profiler is not enabled. The timeline writer thread will not be started, future recorded events will be dropped.
[1,12]<stderr>:2021-05-01 00:53:46.297710: W tensorflow/core/profiler/internal/smprofiler_timeline.cc:105] SageMaker Profiler is not enabled. The timeline writer thread will not be started, future recorded events will be dropped.
[1,10]<stderr>:2021-05-01 00:53:46.297811: W tensorflow/core/profiler/internal/smprofiler_timeline.cc:105] SageMaker Profiler is not enabled. The timeline writer thread will not be started, future recorded events will be dropped.
[1,0]<stderr>:2021-05-01 00:53:46.301169: W tensorflow/core/profiler/internal/smprofiler_timeline.cc:460] Initializing the SageMaker Profiler.
[1,1]<stderr>:2021-05-01 00:53:46.301170: W tensorflow/core/profiler/internal/smprofiler_timeline.cc:460] Initializing the SageMaker Profiler.
[1,2]<stderr>:2021-05-01 00:53:46.301179: W tensorflow/core/profiler/internal/smprofiler_timeline.cc:460] Initializing the SageMaker Profiler.
[1,3]<stderr>:2021-05-01 00:53:46.301167: W tensorflow/core/profiler/internal/smprofiler_timeline.cc:460] Initializing the SageMaker Profiler.
[1,4]<stderr>:2021-05-01 00:53:46.301168: W tensorflow/core/profiler/internal/smprofiler_timeline.cc:460] Initializing the SageMaker Profiler.
[1,5]<stderr>:2021-05-01 00:53:46.301171: W tensorflow/core/profiler/internal/smprofiler_timeline.cc:460] Initializing the SageMaker Profiler.
[1,6]<stderr>:2021-05-01 00:53:46.301173: W tensorflow/core/profiler/internal/smprofiler_timeline.cc:460] Initializing the SageMaker Profiler.
[1,7]<stderr>:2021-05-01 00:53:46.301176: W tensorflow/core/profiler/internal/smprofiler_timeline.cc:460] Initializing the SageMaker Profiler.
[1,6]<stderr>:2021-05-01 00:53:46.301348: W tensorflow/core/profiler/internal/smprofiler_timeline.cc:105] SageMaker Profiler is not enabled. The timeline writer thread will not be started, future recorded events will be dropped.
[1,0]<stderr>:2021-05-01 00:53:46.301347: W tensorflow/core/profiler/internal/smprofiler_timeline.cc:105] SageMaker Profiler is not enabled. The timeline writer thread will not be started, future recorded events will be dropped.
[1,1]<stderr>:2021-05-01 00:53:46.301348: W tensorflow/core/profiler/internal/smprofiler_timeline.cc:105] SageMaker Profiler is not enabled. The timeline writer thread will not be started, future recorded events will be dropped.
[1,2]<stderr>:2021-05-01 00:53:46.301347: W tensorflow/core/profiler/internal/smprofiler_timeline.cc:105] SageMaker Profiler is not enabled. The timeline writer thread will not be started, future recorded events will be dropped.
[1,3]<stderr>:2021-05-01 00:53:46.301347: W tensorflow/core/profiler/internal/smprofiler_timeline.cc:105] SageMaker Profiler is not enabled. The timeline writer thread will not be started, future recorded events will be dropped.
[1,4]<stderr>:2021-05-01 00:53:46.301348: W tensorflow/core/profiler/internal/smprofiler_timeline.cc:105] SageMaker Profiler is not enabled. The timeline writer thread will not be started, future recorded events will be dropped.
[1,5]<stderr>:2021-05-01 00:53:46.301347: W tensorflow/core/profiler/internal/smprofiler_timeline.cc:105] SageMaker Profiler is not enabled. The timeline writer thread will not be started, future recorded events will be dropped.
[1,7]<stderr>:2021-05-01 00:53:46.301348: W tensorflow/core/profiler/internal/smprofiler_timeline.cc:105] SageMaker Profiler is not enabled. The timeline writer thread will not be started, future recorded events will be dropped.
[1,15]<stderr>:2021-05-01 00:53:46.302262: W tensorflow/core/profiler/internal/smprofiler_timeline.cc:460] Initializing the SageMaker Profiler.
[1,11]<stderr>:2021-05-01 00:53:46.302262: W tensorflow/core/profiler/internal/smprofiler_timeline.cc:460] Initializing the SageMaker Profiler.
[1,13]<stderr>:2021-05-01 00:53:46.302262: W tensorflow/core/profiler/internal/smprofiler_timeline.cc:460] Initializing the SageMaker Profiler.
[1,14]<stderr>:2021-05-01 00:53:46.302262: W tensorflow/core/profiler/internal/smprofiler_timeline.cc:460] Initializing the SageMaker Profiler.
[1,15]<stderr>:2021-05-01 00:53:46.302439: W tensorflow/core/profiler/internal/smprofiler_timeline.cc:105] SageMaker Profiler is not enabled. The timeline writer thread will not be started, future recorded events will be dropped.
[1,11]<stderr>:2021-05-01 00:53:46.302439: W tensorflow/core/profiler/internal/smprofiler_timeline.cc:105] SageMaker Profiler is not enabled. The timeline writer thread will not be started, future recorded events will be dropped.
[1,13]<stderr>:2021-05-01 00:53:46.302439: W tensorflow/core/profiler/internal/smprofiler_timeline.cc:105] SageMaker Profiler is not enabled. The timeline writer thread will not be started, future recorded events will be dropped.
[1,14]<stderr>:2021-05-01 00:53:46.302445: W tensorflow/core/profiler/internal/smprofiler_timeline.cc:105] SageMaker Profiler is not enabled. The timeline writer thread will not be started, future recorded events will be dropped.
[1,9]<stderr>:2021-05-01 00:53:46.337963: W tensorflow/core/profiler/internal/smprofiler_timeline.cc:460] Initializing the SageMaker Profiler.
[1,12]<stderr>:2021-05-01 00:53:46.337963: W tensorflow/core/profiler/internal/smprofiler_timeline.cc:460] Initializing the SageMaker Profiler.
[1,10]<stderr>:2021-05-01 00:53:46.338124: W tensorflow/core/profiler/internal/smprofiler_timeline.cc:460] Initializing the SageMaker Profiler.
[1,8]<stderr>:2021-05-01 00:53:46.338663: W tensorflow/core/profiler/internal/smprofiler_timeline.cc:460] Initializing the SageMaker Profiler.
[1,0]<stderr>:2021-05-01 00:53:46.342182: W tensorflow/core/profiler/internal/smprofiler_timeline.cc:460] Initializing the SageMaker Profiler.
[1,1]<stderr>:2021-05-01 00:53:46.342180: W tensorflow/core/profiler/internal/smprofiler_timeline.cc:460] Initializing the SageMaker Profiler.
[1,2]<stderr>:2021-05-01 00:53:46.342180: W tensorflow/core/profiler/internal/smprofiler_timeline.cc:460] Initializing the SageMaker Profiler.
[1,3]<stderr>:2021-05-01 00:53:46.342238: W tensorflow/core/profiler/internal/smprofiler_timeline.cc:460] Initializing the SageMaker Profiler.
[1,7]<stderr>:2021-05-01 00:53:46.342285: W tensorflow/core/profiler/internal/smprofiler_timeline.cc:460] Initializing the SageMaker Profiler.
[1,4]<stderr>:2021-05-01 00:53:46.342315: W tensorflow/core/profiler/internal/smprofiler_timeline.cc:460] Initializing the SageMaker Profiler.
[1,5]<stderr>:2021-05-01 00:53:46.343429: W tensorflow/core/profiler/internal/smprofiler_timeline.cc:460] Initializing the SageMaker Profiler.
[1,6]<stderr>:2021-05-01 00:53:46.343816: W tensorflow/core/profiler/internal/smprofiler_timeline.cc:460] Initializing the SageMaker Profiler.
[1,14]<stderr>:2021-05-01 00:53:46.343186: W tensorflow/core/profiler/internal/smprofiler_timeline.cc:460] Initializing the SageMaker Profiler.
[1,13]<stderr>:2021-05-01 00:53:46.343192: W tensorflow/core/profiler/internal/smprofiler_timeline.cc:460] Initializing the SageMaker Profiler.
[1,15]<stderr>:2021-05-01 00:53:46.343186: W tensorflow/core/profiler/internal/smprofiler_timeline.cc:460] Initializing the SageMaker Profiler.
[1,11]<stderr>:2021-05-01 00:53:46.343297: W tensorflow/core/profiler/internal/smprofiler_timeline.cc:460] Initializing the SageMaker Profiler.
[1,14]<stderr>:/usr/local/bin/smddprun: line 262:   189 Killed                  /usr/local/bin/python3.7 -m mpi4py mnist.py --N_workers 16 --batch_size 128 --epochs 100 --learning_rate 0.000125 --model_dir s3://sagemaker-us-east-1-118451457254/mnist-cs4513-2021-05-01-00-47-41-879/model
--------------------------------------------------------------------------
Primary job  terminated normally, but 1 process returned
a non-zero exit code. Per user-direction, the job has been aborted.
--------------------------------------------------------------------------
--------------------------------------------------------------------------
mpirun.real detected that one or more processes exited with non-zero status, thus causing
the job to be terminated. The first process to do so was:

  Process name: [[18876,1],14]
  Exit code:    137
--------------------------------------------------------------------------

2021-05-01 00:56:22,616 sagemaker-training-toolkit ERROR    ExecuteUserScriptError:
