2021-05-01 00:47:42 Starting - Starting the training job...
2021-05-01 00:47:54 Starting - Launching requested ML instancesProfilerReport-1619830061: InProgress
.........
2021-05-01 00:49:36 Starting - Preparing the instances for training............
2021-05-01 00:51:38 Downloading - Downloading input data......
2021-05-01 00:52:37 Training - Downloading the training image......
2021-05-01 00:53:37 Training - Training image download completed. Training in progress.2021-05-01 00:53:37.095822: W tensorflow/core/profiler/internal/smprofiler_timeline.cc:460] Initializing the SageMaker Profiler.
2021-05-01 00:53:37.103772: W tensorflow/core/profiler/internal/smprofiler_timeline.cc:105] SageMaker Profiler is not enabled. The timeline writer thread will not be started, future recorded events will be dropped.
2021-05-01 00:53:37.261683: I tensorflow/stream_executor/platform/default/dso_loader.cc:49] Successfully opened dynamic library libcudart.so.11.0
2021-05-01 00:53:37.403226: W tensorflow/core/profiler/internal/smprofiler_timeline.cc:460] Initializing the SageMaker Profiler.
2021-05-01 00:53:37.407987: W tensorflow/core/profiler/internal/smprofiler_timeline.cc:460] Initializing the SageMaker Profiler.
2021-05-01 00:53:37.412996: W tensorflow/core/profiler/internal/smprofiler_timeline.cc:105] SageMaker Profiler is not enabled. The timeline writer thread will not be started, future recorded events will be dropped.
2021-05-01 00:53:37.500519: I tensorflow/stream_executor/platform/default/dso_loader.cc:49] Successfully opened dynamic library libcudart.so.11.0
2021-05-01 00:53:37.594378: W tensorflow/core/profiler/internal/smprofiler_timeline.cc:460] Initializing the SageMaker Profiler.
2021-05-01 00:53:41,226 sagemaker-training-toolkit INFO     Imported framework sagemaker_tensorflow_container.training
2021-05-01 00:53:41,973 sagemaker-training-toolkit INFO     Starting MPI run as worker node.
2021-05-01 00:53:41,973 sagemaker-training-toolkit INFO     Waiting for MPI Master to create SSH daemon.
2021-05-01 00:53:41,974 sagemaker-training-toolkit INFO     Cannot connect to host algo-1
2021-05-01 00:53:41,975 sagemaker-training-toolkit INFO     Connection failed with exception: 
 [Errno None] Unable to connect to port 22 on 10.0.236.107
2021-05-01 00:53:42,977 sagemaker-training-toolkit INFO     Cannot connect to host algo-1
2021-05-01 00:53:42,977 sagemaker-training-toolkit INFO     Connection failed with exception: 
 [Errno None] Unable to connect to port 22 on 10.0.236.107
2021-05-01 00:53:42,809 sagemaker-training-toolkit INFO     Imported framework sagemaker_tensorflow_container.training
2021-05-01 00:53:43,986 paramiko.transport INFO     Connected (version 2.0, client OpenSSH_7.6p1)
2021-05-01 00:53:44,066 paramiko.transport INFO     Authentication (publickey) successful!
2021-05-01 00:53:44,066 sagemaker-training-toolkit INFO     Can connect to host algo-1
2021-05-01 00:53:44,067 sagemaker-training-toolkit INFO     MPI Master online, creating SSH daemon.
2021-05-01 00:53:44,067 sagemaker-training-toolkit INFO     Writing environment variables to /etc/environment for the MPI process.
2021-05-01 00:53:44,076 sagemaker-training-toolkit INFO     Waiting for MPI process to finish.
2021-05-01 00:53:43,670 sagemaker-training-toolkit INFO     Starting MPI run as worker node.
2021-05-01 00:53:43,670 sagemaker-training-toolkit INFO     Creating SSH daemon.
2021-05-01 00:53:43,678 sagemaker-training-toolkit INFO     Waiting for MPI workers to establish their SSH connections
2021-05-01 00:53:43,680 sagemaker-training-toolkit INFO     Cannot connect to host algo-2 at port 22
2021-05-01 00:53:43,680 sagemaker-training-toolkit ERROR    Connection failed
Traceback (most recent call last):
  File "/usr/local/lib/python3.7/site-packages/sagemaker_training/smdataparallel.py", line 320, in _can_connect
    client.connect(host, port=port)
  File "/usr/local/lib/python3.7/site-packages/paramiko/client.py", line 368, in connect
    raise NoValidConnectionsError(errors)
paramiko.ssh_exception.NoValidConnectionsError: [Errno None] Unable to connect to port 22 on 10.0.227.171
2021-05-01 00:53:43,682 sagemaker-training-toolkit INFO     Connection closed
2021-05-01 00:53:44,691 paramiko.transport INFO     Connected (version 2.0, client OpenSSH_7.6p1)
2021-05-01 00:53:44,765 paramiko.transport INFO     Authentication (publickey) successful!
2021-05-01 00:53:44,766 sagemaker-training-toolkit INFO     Can connect to host algo-2 at port 22
2021-05-01 00:53:44,766 sagemaker-training-toolkit INFO     Connection closed
2021-05-01 00:53:44,766 sagemaker-training-toolkit INFO     Worker algo-2 available for communication
2021-05-01 00:53:44,766 sagemaker-training-toolkit INFO     Network interface name: eth0
2021-05-01 00:53:44,766 sagemaker-training-toolkit INFO     Host: ['algo-1', 'algo-2']
2021-05-01 00:53:44,767 sagemaker-training-toolkit INFO     instance type: ml.p3.16xlarge
2021-05-01 00:53:44,854 sagemaker-training-toolkit INFO     Invoking user script

Training Env:

{
    "additional_framework_parameters": {
        "sagemaker_distributed_dataparallel_enabled": true,
        "sagemaker_instance_type": "ml.p3.16xlarge",
        "sagemaker_distributed_dataparallel_custom_mpi_options": ""
    },
    "channel_input_dirs": {
        "training": "/opt/ml/input/data/training"
    },
    "current_host": "algo-1",
    "framework_module": "sagemaker_tensorflow_container.training:main",
    "hosts": [
        "algo-1",
        "algo-2"
    ],
    "hyperparameters": {
        "batch_size": 128,
        "N_workers": 16,
        "model_dir": "s3://sagemaker-us-east-1-118451457254/mnist-cs4513-2021-05-01-00-47-41-879/model",
        "epochs": 100,
        "learning_rate": 0.000125
    },
    "input_config_dir": "/opt/ml/input/config",
    "input_data_config": {
        "training": {
            "TrainingInputMode": "File",
            "S3DistributionType": "FullyReplicated",
            "RecordWrapperType": "None"
        }
    },
    "input_dir": "/opt/ml/input",
    "is_master": true,
    "job_name": "mnist-cs4513-2021-05-01-00-47-41-879",
    "log_level": 20,
    "master_hostname": "algo-1",
    "model_dir": "/opt/ml/model",
    "module_dir": "s3://sagemaker-us-east-1-118451457254/mnist-cs4513-2021-05-01-00-47-41-879/source/sourcedir.tar.gz",
    "module_name": "mnist",
    "network_interface_name": "eth0",
    "num_cpus": 64,
    "num_gpus": 8,
    "output_data_dir": "/opt/ml/output/data",
    "output_dir": "/opt/ml/output",
    "output_intermediate_dir": "/opt/ml/output/intermediate",
    "resource_config": {
        "current_host": "algo-1",
        "hosts": [
            "algo-1",
            "algo-2"
        ],
        "network_interface_name": "eth0"
    },
    "user_entry_point": "mnist.py"
}

Environment variables:

SM_HOSTS=["algo-1","algo-2"]
SM_NETWORK_INTERFACE_NAME=eth0
SM_HPS={"N_workers":16,"batch_size":128,"epochs":100,"learning_rate":0.000125,"model_dir":"s3://sagemaker-us-east-1-118451457254/mnist-cs4513-2021-05-01-00-47-41-879/model"}
SM_USER_ENTRY_POINT=mnist.py
SM_FRAMEWORK_PARAMS={"sagemaker_distributed_dataparallel_custom_mpi_options":"","sagemaker_distributed_dataparallel_enabled":true,"sagemaker_instance_type":"ml.p3.16xlarge"}
SM_RESOURCE_CONFIG={"current_host":"algo-1","hosts":["algo-1","algo-2"],"network_interface_name":"eth0"}
SM_INPUT_DATA_CONFIG={"training":{"RecordWrapperType":"None","S3DistributionType":"FullyReplicated","TrainingInputMode":"File"}}
SM_OUTPUT_DATA_DIR=/opt/ml/output/data
SM_CHANNELS=["training"]
SM_CURRENT_HOST=algo-1
SM_MODULE_NAME=mnist
SM_LOG_LEVEL=20
SM_FRAMEWORK_MODULE=sagemaker_tensorflow_container.training:main
SM_INPUT_DIR=/opt/ml/input
SM_INPUT_CONFIG_DIR=/opt/ml/input/config
SM_OUTPUT_DIR=/opt/ml/output
SM_NUM_CPUS=64
SM_NUM_GPUS=8
SM_MODEL_DIR=/opt/ml/model
SM_MODULE_DIR=s3://sagemaker-us-east-1-118451457254/mnist-cs4513-2021-05-01-00-47-41-879/source/sourcedir.tar.gz
SM_TRAINING_ENV={"additional_framework_parameters":{"sagemaker_distributed_dataparallel_custom_mpi_options":"","sagemaker_distributed_dataparallel_enabled":true,"sagemaker_instance_type":"ml.p3.16xlarge"},"channel_input_dirs":{"training":"/opt/ml/input/data/training"},"current_host":"algo-1","framework_module":"sagemaker_tensorflow_container.training:main","hosts":["algo-1","algo-2"],"hyperparameters":{"N_workers":16,"batch_size":128,"epochs":100,"learning_rate":0.000125,"model_dir":"s3://sagemaker-us-east-1-118451457254/mnist-cs4513-2021-05-01-00-47-41-879/model"},"input_config_dir":"/opt/ml/input/config","input_data_config":{"training":{"RecordWrapperType":"None","S3DistributionType":"FullyReplicated","TrainingInputMode":"File"}},"input_dir":"/opt/ml/input","is_master":true,"job_name":"mnist-cs4513-2021-05-01-00-47-41-879","log_level":20,"master_hostname":"algo-1","model_dir":"/opt/ml/model","module_dir":"s3://sagemaker-us-east-1-118451457254/mnist-cs4513-2021-05-01-00-47-41-879/source/sourcedir.tar.gz","module_name":"mnist","network_interface_name":"eth0","num_cpus":64,"num_gpus":8,"output_data_dir":"/opt/ml/output/data","output_dir":"/opt/ml/output","output_intermediate_dir":"/opt/ml/output/intermediate","resource_config":{"current_host":"algo-1","hosts":["algo-1","algo-2"],"network_interface_name":"eth0"},"user_entry_point":"mnist.py"}
SM_USER_ARGS=["--N_workers","16","--batch_size","128","--epochs","100","--learning_rate","0.000125","--model_dir","s3://sagemaker-us-east-1-118451457254/mnist-cs4513-2021-05-01-00-47-41-879/model"]
SM_OUTPUT_INTERMEDIATE_DIR=/opt/ml/output/intermediate
SM_CHANNEL_TRAINING=/opt/ml/input/data/training
SM_HP_BATCH_SIZE=128
SM_HP_N_WORKERS=16
SM_HP_MODEL_DIR=s3://sagemaker-us-east-1-118451457254/mnist-cs4513-2021-05-01-00-47-41-879/model
SM_HP_EPOCHS=100
SM_HP_LEARNING_RATE=0.000125
PYTHONPATH=/opt/ml/code:/usr/local/bin:/usr/local/lib/python37.zip:/usr/local/lib/python3.7:/usr/local/lib/python3.7/lib-dynload:/usr/local/lib/python3.7/site-packages

Invoking script with the following command:

mpirun --host algo-1:8,algo-2:8 -np 16 --allow-run-as-root --tag-output --oversubscribe -mca btl_tcp_if_include eth0 -mca oob_tcp_if_include eth0 -mca plm_rsh_no_tree_spawn 1 -mca pml ob1 -mca btl ^openib -mca orte_abort_on_non_zero_status 1 -mca btl_vader_single_copy_mechanism none -mca plm_rsh_num_concurrent 2 -x NCCL_SOCKET_IFNAME=eth0 -x NCCL_DEBUG=INFO -x LD_LIBRARY_PATH -x PATH -x SMDATAPARALLEL_USE_HOMOGENEOUS=1 -x FI_PROVIDER=efa -x RDMAV_FORK_SAFE=1 -x LD_PRELOAD=/usr/local/lib/python3.7/site-packages/gethostname.cpython-37m-x86_64-linux-gnu.so -x SMDATAPARALLEL_SERVER_ADDR=algo-1 -x SMDATAPARALLEL_SERVER_PORT=7592 -x SAGEMAKER_INSTANCE_TYPE=ml.p3.16xlarge smddprun /usr/local/bin/python3.7 -m mpi4py mnist.py --N_workers 16 --batch_size 128 --epochs 100 --learning_rate 0.000125 --model_dir s3://sagemaker-us-east-1-118451457254/mnist-cs4513-2021-05-01-00-47-41-879/model


2021-05-01 00:53:46,082 sagemaker-training-toolkit INFO     Process[es]: [psutil.Process(pid=172, name='orted', status='disk-sleep', started='00:53:45')]
2021-05-01 00:53:46,082 sagemaker-training-toolkit INFO     Orted process found [psutil.Process(pid=172, name='orted', status='disk-sleep', started='00:53:45')]
2021-05-01 00:53:46,082 sagemaker-training-toolkit INFO     Waiting for orted process [psutil.Process(pid=172, name='orted', status='disk-sleep', started='00:53:45')]
[1,8]<stdout>:algo-2:178:178 [0] NCCL INFO Bootstrap : Using [0]eth0:10.0.227.171<0>
[1,8]<stdout>:algo-2:178:178 [0] NCCL INFO NET/Plugin : No plugin found (libnccl-net.so), using internal implementation
[1,8]<stdout>:
[1,8]<stdout>:algo-2:178:178 [0] misc/ibvwrap.cc:63 NCCL WARN Failed to open libibverbs.so[.1]
[1,8]<stdout>:algo-2:178:178 [0] NCCL INFO NET/Socket : Using [0]eth0:10.0.227.171<0>
[1,8]<stdout>:algo-2:178:178 [0] NCCL INFO Using network Socket
[1,8]<stdout>:NCCL version 2.7.8+cuda11.0
[1,0]<stdout>:algo-1:170:170 [0] NCCL INFO Bootstrap : Using [0]eth0:10.0.236.107<0>
[1,0]<stdout>:algo-1:170:170 [0] NCCL INFO NET/Plugin : No plugin found (libnccl-net.so), using internal implementation
[1,0]<stdout>:
[1,0]<stdout>:algo-1:170:170 [0] misc/ibvwrap.cc:63 NCCL WARN Failed to open libibverbs.so[.1]
[1,0]<stdout>:algo-1:170:170 [0] NCCL INFO NET/Socket : Using [0]eth0:10.0.236.107<0>
[1,0]<stdout>:algo-1:170:170 [0] NCCL INFO Using network Socket
[1,0]<stdout>:NCCL version 2.7.8+cuda11.0
[1,9]<stdout>:algo-2:181:181 [1] NCCL INFO Bootstrap : Using [0]eth0:10.0.227.171<0>
[1,10]<stdout>:algo-2:182:182 [2] NCCL INFO Bootstrap : Using [0]eth0:10.0.227.171<0>
[1,11]<stdout>:algo-2:185:185 [3] NCCL INFO Bootstrap : Using [0]eth0:10.0.227.171<0>
[1,9]<stdout>:algo-2:181:181 [1] NCCL INFO NET/Plugin : No plugin found (libnccl-net.so), using internal implementation
[1,10]<stdout>:algo-2:182:182 [2] NCCL INFO NET/Plugin : No plugin found (libnccl-net.so), using internal implementation
[1,9]<stdout>:
[1,9]<stdout>:algo-2:181:181 [1] misc/ibvwrap.cc:63 NCCL WARN Failed to open libibverbs.so[.1]
[1,11]<stdout>:algo-2:185:185 [3] NCCL INFO NET/Plugin : No plugin found (libnccl-net.so), using internal implementation
[1,10]<stdout>:
[1,10]<stdout>:algo-2:182:182 [2] misc/ibvwrap.cc:63 NCCL WARN Failed to open libibverbs.so[.1]
[1,11]<stdout>:
[1,11]<stdout>:algo-2:185:185 [3] misc/ibvwrap.cc:63 NCCL WARN Failed to open libibverbs.so[.1]
[1,9]<stdout>:algo-2:181:181 [1] NCCL INFO NET/Socket : Using [0]eth0:10.0.227.171<0>
[1,9]<stdout>:algo-2:181:181 [1] NCCL INFO Using network Socket
[1,11]<stdout>:algo-2:185:185 [3] NCCL INFO NET/Socket : Using [0]eth0:10.0.227.171<0>
[1,11]<stdout>:algo-2:185:185 [3] NCCL INFO Using network Socket
[1,10]<stdout>:algo-2:182:182 [2] NCCL INFO NET/Socket : Using [0]eth0:10.0.227.171<0>
[1,10]<stdout>:algo-2:182:182 [2] NCCL INFO Using network Socket
[1,1]<stdout>:algo-1:172:172 [1] NCCL INFO Bootstrap : Using [0]eth0:10.0.236.107<0>
[1,2]<stdout>:algo-1:174:174 [2] NCCL INFO Bootstrap : Using [0]eth0:10.0.236.107<0>
[1,1]<stdout>:algo-1:172:172 [1] NCCL INFO NET/Plugin : No plugin found (libnccl-net.so), using internal implementation
[1,2]<stdout>:algo-1:174:174 [2] NCCL INFO NET/Plugin : No plugin found (libnccl-net.so), using internal implementation
[1,1]<stdout>:
[1,1]<stdout>:algo-1:172:172 [1] misc/ibvwrap.cc:63 NCCL WARN Failed to open libibverbs.so[.1]
[1,2]<stdout>:
[1,2]<stdout>:algo-1:174:174 [2] misc/ibvwrap.cc:63 NCCL WARN Failed to open libibverbs.so[.1]
[1,3]<stdout>:algo-1:176:176 [3] NCCL INFO Bootstrap : Using [0]eth0:10.0.236.107<0>
[1,1]<stdout>:algo-1:172:172 [1] NCCL INFO NET/Socket : Using [0]eth0:10.0.236.107<0>
[1,1]<stdout>:algo-1:172:172 [1] NCCL INFO Using network Socket
[1,2]<stdout>:algo-1:174:174 [2] NCCL INFO NET/Socket : Using [0]eth0:10.0.236.107<0>
[1,2]<stdout>:algo-1:174:174 [2] NCCL INFO Using network Socket
[1,3]<stdout>:algo-1:176:176 [3] NCCL INFO NET/Plugin : No plugin found (libnccl-net.so), using internal implementation
[1,3]<stdout>:
[1,3]<stdout>:algo-1:176:176 [3] misc/ibvwrap.cc:63 NCCL WARN Failed to open libibverbs.so[.1]
[1,3]<stdout>:algo-1:176:176 [3] NCCL INFO NET/Socket : Using [0]eth0:10.0.236.107<0>
[1,3]<stdout>:algo-1:176:176 [3] NCCL INFO Using network Socket
[1,12]<stdout>:algo-2:187:187 [4] NCCL INFO Bootstrap : Using [0]eth0:10.0.227.171<0>
[1,13]<stdout>:algo-2:188:188 [5] NCCL INFO Bootstrap : Using [0]eth0:10.0.227.171<0>
[1,14]<stdout>:algo-2:189:189 [6] NCCL INFO Bootstrap : Using [0]eth0:10.0.227.171<0>
[1,15]<stdout>:algo-2:190:190 [7] NCCL INFO Bootstrap : Using [0]eth0:10.0.227.171<0>
[1,12]<stdout>:algo-2:187:187 [4] NCCL INFO NET/Plugin : No plugin found (libnccl-net.so), using internal implementation
[1,13]<stdout>:algo-2:188:188 [5] NCCL INFO NET/Plugin : No plugin found (libnccl-net.so), using internal implementation
[1,14]<stdout>:algo-2:189:189 [6] NCCL INFO NET/Plugin : No plugin found (libnccl-net.so), using internal implementation
[1,15]<stdout>:algo-2:190:190 [7] NCCL INFO NET/Plugin : No plugin found (libnccl-net.so), using internal implementation
[1,14]<stdout>:
[1,14]<stdout>:algo-2:189:189 [6] misc/ibvwrap.cc:63 NCCL WARN Failed to open libibverbs.so[.1]
[1,12]<stdout>:
[1,12]<stdout>:algo-2:187:187 [4] misc/ibvwrap.cc:63 NCCL WARN Failed to open libibverbs.so[.1]
[1,13]<stdout>:
[1,13]<stdout>:algo-2:188:188 [5] misc/ibvwrap.cc:63 NCCL WARN Failed to open libibverbs.so[.1]
[1,15]<stdout>:
[1,15]<stdout>:algo-2:190:190 [7] misc/ibvwrap.cc:63 NCCL WARN Failed to open libibverbs.so[.1]
[1,13]<stdout>:algo-2:188:188 [5] NCCL INFO NET/Socket : Using [0]eth0:10.0.227.171<0>
[1,13]<stdout>:algo-2:188:188 [5] NCCL INFO Using network Socket
[1,14]<stdout>:algo-2:189:189 [6] NCCL INFO NET/Socket : Using [0]eth0:10.0.227.171<0>
[1,14]<stdout>:algo-2:189:189 [6] NCCL INFO Using network Socket
[1,12]<stdout>:algo-2:187:187 [4] NCCL INFO NET/Socket : Using [0]eth0:10.0.227.171<0>
[1,12]<stdout>:algo-2:187:187 [4] NCCL INFO Using network Socket
[1,15]<stdout>:algo-2:190:190 [7] NCCL INFO NET/Socket : Using [0]eth0:10.0.227.171<0>
[1,15]<stdout>:algo-2:190:190 [7] NCCL INFO Using network Socket
[1,4]<stdout>:algo-1:178:178 [4] NCCL INFO Bootstrap : Using [0]eth0:10.0.236.107<0>
[1,6]<stdout>:algo-1:180:180 [6] NCCL INFO Bootstrap : Using [0]eth0:10.0.236.107<0>
[1,4]<stdout>:algo-1:178:178 [4] NCCL INFO NET/Plugin : No plugin found (libnccl-net.so), using internal implementation
[1,6]<stdout>:algo-1:180:180 [6] NCCL INFO NET/Plugin : No plugin found (libnccl-net.so), using internal implementation
[1,4]<stdout>:
[1,4]<stdout>:algo-1:178:178 [4] misc/ibvwrap.cc:63 NCCL WARN Failed to open libibverbs.so[.1]
[1,7]<stdout>:algo-1:181:181 [7] NCCL INFO Bootstrap : Using [0]eth0:10.0.236.107<0>
[1,6]<stdout>:
[1,6]<stdout>:algo-1:180:180 [6] misc/ibvwrap.cc:63 NCCL WARN Failed to open libibverbs.so[.1]
[1,7]<stdout>:algo-1:181:181 [7] NCCL INFO NET/Plugin : No plugin found (libnccl-net.so), using internal implementation
[1,6]<stdout>:algo-1:180:180 [6] NCCL INFO NET/Socket : Using [0]eth0:10.0.236.107<0>
[1,6]<stdout>:algo-1:180:180 [6] NCCL INFO Using network Socket
[1,4]<stdout>:algo-1:178:178 [4] NCCL INFO NET/Socket : Using [0]eth0:10.0.236.107<0>
[1,7]<stdout>:
[1,7]<stdout>:algo-1:181:181 [7] misc/ibvwrap.cc:63 NCCL WARN Failed to open libibverbs.so[.1]
[1,4]<stdout>:algo-1:178:178 [4] NCCL INFO Using network Socket
[1,7]<stdout>:algo-1:181:181 [7] NCCL INFO NET/Socket : Using [0]eth0:10.0.236.107<0>
[1,7]<stdout>:algo-1:181:181 [7] NCCL INFO Using network Socket
[1,5]<stdout>:algo-1:179:179 [5] NCCL INFO Bootstrap : Using [0]eth0:10.0.236.107<0>
[1,5]<stdout>:algo-1:179:179 [5] NCCL INFO NET/Plugin : No plugin found (libnccl-net.so), using internal implementation
[1,5]<stdout>:
[1,5]<stdout>:algo-1:179:179 [5] misc/ibvwrap.cc:63 NCCL WARN Failed to open libibverbs.so[.1]
[1,5]<stdout>:algo-1:179:179 [5] NCCL INFO NET/Socket : Using [0]eth0:10.0.236.107<0>
[1,5]<stdout>:algo-1:179:179 [5] NCCL INFO Using network Socket
[1,0]<stdout>:algo-1:170:170 [0] NCCL INFO Channel 00/12 :    0   3   2   1   5   6   7   4
[1,0]<stdout>:algo-1:170:170 [0] NCCL INFO Channel 01/12 :    0   3   2   1   5   6   7   4
[1,0]<stdout>:algo-1:170:170 [0] NCCL INFO Channel 02/12 :    0   4   7   6   5   1   2   3
[1,0]<stdout>:algo-1:170:170 [0] NCCL INFO Channel 03/12 :    0   4   7   6   5   1   2   3
[1,0]<stdout>:algo-1:170:170 [0] NCCL INFO Channel 04/12 :    0   1   3   7   5   4   6   2
[1,0]<stdout>:algo-1:170:170 [0] NCCL INFO Channel 05/12 :    0   2   6   4   5   7   3   1
[1,1]<stdout>:algo-1:172:172 [1] NCCL INFO threadThresholds 8/8/64 | 64/8/64 | 8/8/64
[1,1]<stdout>:algo-1:172:172 [1] NCCL INFO Trees [0] 5/-1/-1->1->2|2->1->5/-1/-1 [1] 5/-1/-1->1->2|2->1->5/-1/-1 [2] 2/-1/-1->1->5|5->1->2/-1/-1 [3] 2/-1/-1->1->5|5->1->2/-1/-1 [4] 3/-1/-1->1->0|0->1->3/-1/-1 [5] -1/-1/-1->1->3|3->1->-1/-1/-1 [6] 5/-1/-1->1->2|2->1->5/-1/-1 [7] 5/-1/-1->1->2|2->1->5/-1/-1 [8] 2/-1/-1->1->5|5->1->2/-1/-1 [9] 2/-1/-1->1->5|5->1->2/-1/-1 [10] 3/-1/-1->1->0|0->1->3/-1/-1 [11] -1/-1/-1->1->3|3->1->-1/-1/-1
[1,7]<stdout>:algo-1:181:181 [7] NCCL INFO threadThresholds 8/8/64 | 64/8/64 | 8/8/64
[1,7]<stdout>:algo-1:181:181 [7] NCCL INFO Trees [0] 4/-1/-1->7->6|6->7->4/-1/-1 [1] 4/-1/-1->7->6|6->7->4/-1/-1 [2] 6/-1/-1->7->4|4->7->6/-1/-1 [3] 6/-1/-1->7->4|4->7->6/-1/-1 [4] 5/-1/-1->7->3|3->7->5/-1/-1 [5] 3/-1/-1->7->5|5->7->3/-1/-1 [6] 4/-1/-1->7->6|6->7->4/-1/-1 [7] 4/-1/-1->7->6|6->7->4/-1/-1 [8] 6/-1/-1->7->4|4->7->6/-1/-1 [9] 6/-1/-1->7->4|4->7->6/-1/-1 [10] 5/-1/-1->7->3|3->7->5/-1/-1 [11] 3/-1/-1->7->5|5->7->3/-1/-1
[1,2]<stdout>:algo-1:174:174 [2] NCCL INFO threadThresholds 8/8/64 | 64/8/64 | 8/8/64
[1,2]<stdout>:algo-1:174:174 [2] NCCL INFO Trees [0] 1/-1/-1->2->3|3->2->1/-1/-1 [1] 1/-1/-1->2->3|3->2->1/-1/-1 [2] 3/-1/-1->2->1|1->2->3/-1/-1 [3] 3/-1/-1->2->1|1->2->3/-1/-1 [4] -1/-1/-1->2->6|6->2->-1/-1/-1 [5] 6/-1/-1->2->0|0->2->6/-1/-1 [6] 1/-1/-1->2->3|3->2->1/-1/-1 [7] 1/-1/-1->2->3|3->2->1/-1/-1 [8] 3/-1/-1->2->1|1->2->3/-1/-1 [9] 3/-1/-1->2->1|1->2->3/-1/-1 [10] -1/-1/-1->2->6|6->2->-1/-1/-1 [11] 6/-1/-1->2->0|0->2->6/-1/-1
[1,0]<stdout>:algo-1:170:170 [0] NCCL INFO Channel 06/12 :    0   3   2   1   5   6   7   4
[1,0]<stdout>:algo-1:170:170 [0] NCCL INFO Channel 07/12 :    0   3   2   1   5   6   7   4
[1,0]<stdout>:algo-1:170:170 [0] NCCL INFO Channel 08/12 :    0   4   7   6   5   1   2   3
[1,3]<stdout>:algo-1:176:176 [3] NCCL INFO threadThresholds 8/8/64 | 64/8/64 | 8/8/64
[1,0]<stdout>:algo-1:170:170 [0] NCCL INFO Channel 09/12 :    0   4   7   6   5   1   2   3
[1,0]<stdout>:algo-1:170:170 [0] NCCL INFO Channel 10/12 :    0   1   3   7   5   4   6   2
[1,0]<stdout>:algo-1:170:170 [0] NCCL INFO Channel 11/12 :    0   2   6   4   5   7   3   1
[1,3]<stdout>:algo-1:176:176 [3] NCCL INFO Trees [0] 2/-1/-1->3->0|0->3->2/-1/-1 [1] 2/-1/-1->3->0|0->3->2/-1/-1 [2] -1/-1/-1->3->2|2->3->-1/-1/-1 [3] -1/-1/-1->3->2|2->3->-1/-1/-1 [4] 7/-1/-1->3->1|1->3->7/-1/-1 [5] 1/-1/-1->3->7|7->3->1/-1/-1 [6] 2/-1/-1->3->0|0->3->2/-1/-1 [7] 2/-1/-1->3->0|0->3->2/-1/-1 [8] -1/-1/-1->3->2|2->3->-1/-1/-1 [9] -1/-1/-1->3->2|2->3->-1/-1/-1 [10] 7/-1/-1->3->1|1->3->7/-1/-1 [11] 1/-1/-1->3->7|7->3->1/-1/-1
[1,4]<stdout>:algo-1:178:178 [4] NCCL INFO threadThresholds 8/8/64 | 64/8/64 | 8/8/64
[1,4]<stdout>:algo-1:178:178 [4] NCCL INFO Trees [0] -1/-1/-1->4->7|7->4->-1/-1/-1 [1] -1/-1/-1->4->7|7->4->-1/-1/-1 [2] 7/-1/-1->4->0|0->4->7/-1/-1 [3] 7/-1/-1->4->0|0->4->7/-1/-1 [4] 6/-1/-1->4->5|5->4->6/-1/-1 [5] 5/-1/-1->4->6|6->4->5/-1/-1 [6] -1/-1/-1->4->7|7->4->-1/-1/-1 [7] -1/-1/-1->4->7|7->4->-1/-1/-1 [8] 7/-1/-1->4->0|0->4->7/-1/-1 [9] 7/-1/-1->4->0|0->4->7/-1/-1 [10] 6/-1/-1->4->5|5->4->6/-1/-1 [11] 5/-1/-1->4->6|6->4->5/-1/-1
[1,5]<stdout>:algo-1:179:179 [5] NCCL INFO threadThresholds 8/8/64 | 64/8/64 | 8/8/64
[1,6]<stdout>:algo-1:180:180 [6] NCCL INFO threadThresholds 8/8/64 | 64/8/64 | 8/8/64
[1,0]<stdout>:algo-1:170:170 [0] NCCL INFO threadThresholds 8/8/64 | 64/8/64 | 8/8/64
[1,5]<stdout>:algo-1:179:179 [5] NCCL INFO Trees [0] 6/-1/-1->5->1|1->5->6/-1/-1 [1] 6/-1/-1->5->1|1->5->6/-1/-1 [2] 1/-1/-1->5->6|6->5->1/-1/-1 [3] 1/-1/-1->5->6|6->5->1/-1/-1 [4] 4/-1/-1->5->7|7->5->4/-1/-1 [5] 7/-1/-1->5->4|4->5->7/-1/-1 [6] 6/-1/-1->5->1|1->5->6/-1/-1 [7] 6/-1/-1->5->1|1->5->6/-1/-1 [8] 1/-1/-1->5->6|6->5->1/-1/-1 [9] 1/-1/-1->5->6|6->5->1/-1/-1 [10] 4/-1/-1->5->7|7->5->4/-1/-1 [11] 7/-1/-1->5->4|4->5->7/-1/-1
[1,6]<stdout>:algo-1:180:180 [6] NCCL INFO Trees [0] 7/-1/-1->6->5|5->6->7/-1/-1 [1] 7/-1/-1->6->5|5->6->7/-1/-1 [2] 5/-1/-1->6->7|7->6->5/-1/-1 [3] 5/-1/-1->6->7|7->6->5/-1/-1 [4] 2/-1/-1->6->4|4->6->2/-1/-1 [5] 4/-1/-1->6->2|2->6->4/-1/-1 [6] 7/-1/-1->6->5|5->6->7/-1/-1 [7] 7/-1/-1->6->5|5->6->7/-1/-1 [8] 5/-1/-1->6->7|7->6->5/-1/-1 [9] 5/-1/-1->6->7|7->6->5/-1/-1 [10] 2/-1/-1->6->4|4->6->2/-1/-1 [11] 4/-1/-1->6->2|2->6->4/-1/-1
[1,0]<stdout>:algo-1:170:170 [0] NCCL INFO Trees [0] 3/-1/-1->0->-1|-1->0->3/-1/-1 [1] 3/-1/-1->0->-1|-1->0->3/-1/-1 [2] 4/-1/-1->0->-1|-1->0->4/-1/-1 [3] 4/-1/-1->0->-1|-1->0->4/-1/-1 [4] 1/-1/-1->0->-1|-1->0->1/-1/-1 [5] 2/-1/-1->0->-1|-1->0->2/-1/-1 [6] 3/-1/-1->0->-1|-1->0->3/-1/-1 [7] 3/-1/-1->0->-1|-1->0->3/-1/-1 [8] 4/-1/-1->0->-1|-1->0->4/-1/-1 [9] 4/-1/-1->0->-1|-1->0->4/-1/-1 [10] 1/-1/-1->0->-1|-1->0->1/-1/-1 [11] 2/-1/-1->0->-1|-1->0->2/-1/-1
[1,7]<stdout>:algo-1:181:181 [7] NCCL INFO Channel 00 : 7[1e0] -> 4[1b0] via P2P/IPC
[1,1]<stdout>:algo-1:172:172 [1] NCCL INFO Channel 00 : 1[180] -> 5[1c0] via P2P/IPC
[1,2]<stdout>:algo-1:174:174 [2] NCCL INFO Channel 00 : 2[190] -> 1[180] via P2P/IPC
[1,3]<stdout>:algo-1:176:176 [3] NCCL INFO Channel 00 : 3[1a0] -> 2[190] via P2P/IPC
[1,4]<stdout>:algo-1:178:178 [4] NCCL INFO Channel 00 : 4[1b0] -> 0[170] via P2P/IPC
[1,5]<stdout>:algo-1:179:179 [5] NCCL INFO Channel 00 : 5[1c0] -> 6[1d0] via P2P/IPC
[1,6]<stdout>:algo-1:180:180 [6] NCCL INFO Channel 00 : 6[1d0] -> 7[1e0] via P2P/IPC
[1,0]<stdout>:algo-1:170:170 [0] NCCL INFO Channel 00 : 0[170] -> 3[1a0] via P2P/IPC
[1,4]<stdout>:algo-1:178:178 [4] NCCL INFO Channel 00 : 4[1b0] -> 7[1e0] via P2P/IPC
[1,7]<stdout>:algo-1:181:181 [7] NCCL INFO Channel 00 : 7[1e0] -> 6[1d0] via P2P/IPC
[1,1]<stdout>:algo-1:172:172 [1] NCCL INFO Channel 00 : 1[180] -> 2[190] via P2P/IPC
[1,2]<stdout>:algo-1:174:174 [2] NCCL INFO Channel 00 : 2[190] -> 3[1a0] via P2P/IPC
[1,3]<stdout>:algo-1:176:176 [3] NCCL INFO Channel 00 : 3[1a0] -> 0[170] via P2P/IPC
[1,5]<stdout>:algo-1:179:179 [5] NCCL INFO Channel 00 : 5[1c0] -> 1[180] via P2P/IPC
[1,6]<stdout>:algo-1:180:180 [6] NCCL INFO Channel 00 : 6[1d0] -> 5[1c0] via P2P/IPC
[1,4]<stdout>:algo-1:178:178 [4] NCCL INFO Channel 01 : 4[1b0] -> 0[170] via P2P/IPC
[1,0]<stdout>:algo-1:170:170 [0] NCCL INFO Channel 01 : 0[170] -> 3[1a0] via P2P/IPC
[1,7]<stdout>:algo-1:181:181 [7] NCCL INFO Channel 01 : 7[1e0] -> 4[1b0] via P2P/IPC
[1,1]<stdout>:algo-1:172:172 [1] NCCL INFO Channel 01 : 1[180] -> 5[1c0] via P2P/IPC
[1,2]<stdout>:algo-1:174:174 [2] NCCL INFO Channel 01 : 2[190] -> 1[180] via P2P/IPC
[1,3]<stdout>:algo-1:176:176 [3] NCCL INFO Channel 01 : 3[1a0] -> 2[190] via P2P/IPC
[1,5]<stdout>:algo-1:179:179 [5] NCCL INFO Channel 01 : 5[1c0] -> 6[1d0] via P2P/IPC
[1,6]<stdout>:algo-1:180:180 [6] NCCL INFO Channel 01 : 6[1d0] -> 7[1e0] via P2P/IPC
[1,11]<stdout>:algo-2:185:185 [3] NCCL INFO threadThresholds 8/8/64 | 64/8/64 | 8/8/64
[1,11]<stdout>:algo-2:185:185 [3] NCCL INFO Trees [0] 2/-1/-1->3->0|0->3->2/-1/-1 [1] 2/-1/-1->3->0|0->3->2/-1/-1 [2] -1/-1/-1->3->2|2->3->-1/-1/-1 [3] -1/-1/-1->3->2|2->3->-1/-1/-1 [4] 7/-1/-1->3->1|1->3->7/-1/-1 [5] 1/-1/-1->3->7|7->3->1/-1/-1 [6] 2/-1/-1->3->0|0->3->2/-1/-1 [7] 2/-1/-1->3->0|0->3->2/-1/-1 [8] -1/-1/-1->3->2|2->3->-1/-1/-1 [9] -1/-1/-1->3->2|2->3->-1/-1/-1 [10] 7/-1/-1->3->1|1->3->7/-1/-1 [11] 1/-1/-1->3->7|7->3->1/-1/-1
[1,12]<stdout>:algo-2:187:187 [4] NCCL INFO threadThresholds 8/8/64 | 64/8/64 | 8/8/64
[1,12]<stdout>:algo-2:187:187 [4] NCCL INFO Trees [0] -1/-1/-1->4->7|7->4->-1/-1/-1 [1] -1/-1/-1->4->7|7->4->-1/-1/-1 [2] 7/-1/-1->4->0|0->4->7/-1/-1 [3] 7/-1/-1->4->0|0->4->7/-1/-1 [4] 6/-1/-1->4->5|5->4->6/-1/-1 [5] 5/-1/-1->4->6|6->4->5/-1/-1 [6] -1/-1/-1->4->7|7->4->-1/-1/-1 [7] -1/-1/-1->4->7|7->4->-1/-1/-1 [8] 7/-1/-1->4->0|0->4->7/-1/-1 [9] 7/-1/-1->4->0|0->4->7/-1/-1 [10] 6/-1/-1->4->5|5->4->6/-1/-1 [11] 5/-1/-1->4->6|6->4->5/-1/-1
[1,13]<stdout>:algo-2:188:188 [5] NCCL INFO threadThresholds 8/8/64 | 64/8/64 | 8/8/64
[1,13]<stdout>:algo-2:188:188 [5] NCCL INFO Trees [0] 6/-1/-1->5->1|1->5->6/-1/-1 [1] 6/-1/-1->5->1|1->5->6/-1/-1 [2] 1/-1/-1->5->6|6->5->1/-1/-1 [3] 1/-1/-1->5->6|6->5->1/-1/-1 [4] 4/-1/-1->5->7|7->5->4/-1/-1 [5] 7/-1/-1->5->4|4->5->7/-1/-1 [6] 6/-1/-1->5->1|1->5->6/-1/-1 [7] 6/-1/-1->5->1|1->5->6/-1/-1 [8] 1/-1/-1->5->6|6->5->1/-1/-1 [9] 1/-1/-1->5->6|6->5->1/-1/-1 [10] 4/-1/-1->5->7|7->5->4/-1/-1 [11] 7/-1/-1->5->4|4->5->7/-1/-1
[1,14]<stdout>:algo-2:189:189 [6] NCCL INFO threadThresholds 8/8/64 | 64/8/64 | 8/8/64
[1,15]<stdout>:algo-2:190:190 [7] NCCL INFO threadThresholds 8/8/64 | 64/8/64 | 8/8/64
[1,15]<stdout>:algo-2:190:190 [7] NCCL INFO Trees [0] 4/-1/-1->7->6|6->7->4/-1/-1 [1] 4/-1/-1->7->6|6->7->4/-1/-1 [2] 6/-1/-1->7->4|4->7->6/-1/-1 [3] 6/-1/-1->7->4|4->7->6/-1/-1 [4] 5/-1/-1->7->3|3->7->5/-1/-1 [5] 3/-1/-1->7->5|5->7->3/-1/-1 [6] 4/-1/-1->7->6|6->7->4/-1/-1 [7] 4/-1/-1->7->6|6->7->4/-1/-1 [8] 6/-1/-1->7->4|4->7->6/-1/-1 [9] 6/-1/-1->7->4|4->7->6/-1/-1 [10] 5/-1/-1->7->3|3->7->5/-1/-1 [11] 3/-1/-1->7->5|5->7->3/-1/-1
[1,14]<stdout>:algo-2:189:189 [6] NCCL INFO Trees [0] 7/-1/-1->6->5|5->6->7/-1/-1 [1] 7/-1/-1->6->5|5->6->7/-1/-1 [2] 5/-1/-1->6->7|7->6->5/-1/-1 [3] 5/-1/-1->6->7|7->6->5/-1/-1 [4] 2/-1/-1->6->4|4->6->2/-1/-1 [5] 4/-1/-1->6->2|2->6->4/-1/-1 [6] 7/-1/-1->6->5|5->6->7/-1/-1 [7] 7/-1/-1->6->5|5->6->7/-1/-1 [8] 5/-1/-1->6->7|7->6->5/-1/-1 [9] 5/-1/-1->6->7|7->6->5/-1/-1 [10] 2/-1/-1->6->4|4->6->2/-1/-1 [11] 4/-1/-1->6->2|2->6->4/-1/-1
[1,8]<stdout>:algo-2:178:178 [0] NCCL INFO Channel 00/12 :    0   3   2   1   5   6   7   4
[1,8]<stdout>:algo-2:178:178 [0] NCCL INFO Channel 01/12 :    0   3   2   1   5   6   7   4
[1,9]<stdout>:algo-2:181:181 [1] NCCL INFO threadThresholds 8/8/64 | 64/8/64 | 8/8/64
[1,8]<stdout>:algo-2:178:178 [0] NCCL INFO Channel 02/12 :    0   4   7   6   5   1   2   3
[1,9]<stdout>:algo-2:181:181 [1] NCCL INFO Trees [0] 5/-1/-1->1->2|2->1->5/-1/-1 [1] 5/-1/-1->1->2|2->1->5/-1/-1 [2] 2/-1/-1->1->5|5->1->2/-1/-1 [3] 2/-1/-1->1->5|5->1->2/-1/-1 [4] 3/-1/-1->1->0|0->1->3/-1/-1 [5] -1/-1/-1->1->3|3->1->-1/-1/-1 [6] 5/-1/-1->1->2|2->1->5/-1/-1 [7] 5/-1/-1->1->2|2->1->5/-1/-1 [8] 2/-1/-1->1->5|5->1->2/-1/-1 [9] 2/-1/-1->1->5|5->1->2/-1/-1 [10] 3/-1/-1->1->0|0->1->3/-1/-1 [11] -1/-1/-1->1->3|3->1->-1/-1/-1
[1,10]<stdout>:algo-2:182:182 [2] NCCL INFO threadThresholds 8/8/64 | 64/8/64 | 8/8/64
[1,10]<stdout>:algo-2:182:182 [2] NCCL INFO Trees [0] 1/-1/-1->2->3|3->2->1/-1/-1 [1] 1/-1/-1->2->3|3->2->1/-1/-1 [2] 3/-1/-1->2->1|1->2->3/-1/-1 [3] 3/-1/-1->2->1|1->2->3/-1/-1 [4] -1/-1/-1->2->6|6->2->-1/-1/-1 [5] 6/-1/-1->2->0|0->2->6/-1/-1 [6] 1/-1/-1->2->3|3->2->1/-1/-1 [7] 1/-1/-1->2->3|3->2->1/-1/-1 [8] 3/-1/-1->2->1|1->2->3/-1/-1 [9] 3/-1/-1->2->1|1->2->3/-1/-1 [10] -1/-1/-1->2->6|6->2->-1/-1/-1 [11] 6/-1/-1->2->0|0->2->6/-1/-1
[1,8]<stdout>:algo-2:178:178 [0] NCCL INFO Channel 03/12 :    0   4   7   6   5   1   2   3
[1,8]<stdout>:algo-2:178:178 [0] NCCL INFO Channel 04/12 :    0   1   3   7   5   4   6   2
[1,8]<stdout>:algo-2:178:178 [0] NCCL INFO Channel 05/12 :    0   2   6   4   5   7   3   1
[1,8]<stdout>:algo-2:178:178 [0] NCCL INFO Channel 06/12 :    0   3   2   1   5   6   7   4
[1,8]<stdout>:algo-2:178:178 [0] NCCL INFO Channel 07/12 :    0   3   2   1   5   6   7   4
[1,8]<stdout>:algo-2:178:178 [0] NCCL INFO Channel 08/12 :    0   4   7   6   5   1   2   3
[1,8]<stdout>:algo-2:178:178 [0] NCCL INFO Channel 09/12 :    0   4   7   6   5   1   2   3
[1,8]<stdout>:algo-2:178:178 [0] NCCL INFO Channel 10/12 :    0   1   3   7   5   4   6   2
[1,8]<stdout>:algo-2:178:178 [0] NCCL INFO Channel 11/12 :    0   2   6   4   5   7   3   1
[1,8]<stdout>:algo-2:178:178 [0] NCCL INFO threadThresholds 8/8/64 | 64/8/64 | 8/8/64
[1,8]<stdout>:algo-2:178:178 [0] NCCL INFO Trees [0] 3/-1/-1->0->-1|-1->0->3/-1/-1 [1] 3/-1/-1->0->-1|-1->0->3/-1/-1 [2] 4/-1/-1->0->-1|-1->0->4/-1/-1 [3] 4/-1/-1->0->-1|-1->0->4/-1/-1 [4] 1/-1/-1->0->-1|-1->0->1/-1/-1 [5] 2/-1/-1->0->-1|-1->0->2/-1/-1 [6] 3/-1/-1->0->-1|-1->0->3/-1/-1 [7] 3/-1/-1->0->-1|-1->0->3/-1/-1 [8] 4/-1/-1->0->-1|-1->0->4/-1/-1 [9] 4/-1/-1->0->-1|-1->0->4/-1/-1 [10] 1/-1/-1->0->-1|-1->0->1/-1/-1 [11] 2/-1/-1->0->-1|-1->0->2/-1/-1
[1,4]<stdout>:algo-1:178:178 [4] NCCL INFO Channel 01 : 4[1b0] -> 7[1e0] via P2P/IPC
[1,1]<stdout>:algo-1:172:172 [1] NCCL INFO Channel 01 : 1[180] -> 2[190] via P2P/IPC
[1,7]<stdout>:algo-1:181:181 [7] NCCL INFO Channel 01 : 7[1e0] -> 6[1d0] via P2P/IPC
[1,2]<stdout>:algo-1:174:174 [2] NCCL INFO Channel 01 : 2[190] -> 3[1a0] via P2P/IPC
[1,3]<stdout>:algo-1:176:176 [3] NCCL INFO Channel 01 : 3[1a0] -> 0[170] via P2P/IPC
[1,5]<stdout>:algo-1:179:179 [5] NCCL INFO Channel 01 : 5[1c0] -> 1[180] via P2P/IPC
[1,6]<stdout>:algo-1:180:180 [6] NCCL INFO Channel 01 : 6[1d0] -> 5[1c0] via P2P/IPC
[1,11]<stdout>:algo-2:185:185 [3] NCCL INFO Channel 00 : 3[1a0] -> 2[190] via P2P/IPC
[1,12]<stdout>:algo-2:187:187 [4] NCCL INFO Channel 00 : 4[1b0] -> 0[170] via P2P/IPC
[1,13]<stdout>:algo-2:188:188 [5] NCCL INFO Channel 00 : 5[1c0] -> 6[1d0] via P2P/IPC
[1,14]<stdout>:algo-2:189:189 [6] NCCL INFO Channel 00 : 6[1d0] -> 7[1e0] via P2P/IPC
[1,15]<stdout>:algo-2:190:190 [7] NCCL INFO Channel 00 : 7[1e0] -> 4[1b0] via P2P/IPC
[1,9]<stdout>:algo-2:181:181 [1] NCCL INFO Channel 00 : 1[180] -> 5[1c0] via P2P/IPC
[1,10]<stdout>:algo-2:182:182 [2] NCCL INFO Channel 00 : 2[190] -> 1[180] via P2P/IPC
[1,8]<stdout>:algo-2:178:178 [0] NCCL INFO Channel 00 : 0[170] -> 3[1a0] via P2P/IPC
[1,4]<stdout>:algo-1:178:178 [4] NCCL INFO Channel 02 : 4[1b0] -> 7[1e0] via P2P/IPC
[1,0]<stdout>:algo-1:170:170 [0] NCCL INFO Channel 02 : 0[170] -> 4[1b0] via P2P/IPC
[1,7]<stdout>:algo-1:181:181 [7] NCCL INFO Channel 02 : 7[1e0] -> 6[1d0] via P2P/IPC
[1,1]<stdout>:algo-1:172:172 [1] NCCL INFO Channel 02 : 1[180] -> 2[190] via P2P/IPC
[1,2]<stdout>:algo-1:174:174 [2] NCCL INFO Channel 02 : 2[190] -> 3[1a0] via P2P/IPC
[1,5]<stdout>:algo-1:179:179 [5] NCCL INFO Channel 02 : 5[1c0] -> 1[180] via P2P/IPC
[1,6]<stdout>:algo-1:180:180 [6] NCCL INFO Channel 02 : 6[1d0] -> 5[1c0] via P2P/IPC
[1,3]<stdout>:algo-1:176:176 [3] NCCL INFO Channel 02 : 3[1a0] -> 0[170] via P2P/IPC
[1,12]<stdout>:algo-2:187:187 [4] NCCL INFO Channel 00 : 4[1b0] -> 7[1e0] via P2P/IPC
[1,11]<stdout>:algo-2:185:185 [3] NCCL INFO Channel 00 : 3[1a0] -> 0[170] via P2P/IPC
[1,13]<stdout>:algo-2:188:188 [5] NCCL INFO Channel 00 : 5[1c0] -> 1[180] via P2P/IPC
[1,14]<stdout>:algo-2:189:189 [6] NCCL INFO Channel 00 : 6[1d0] -> 5[1c0] via P2P/IPC
[1,15]<stdout>:algo-2:190:190 [7] NCCL INFO Channel 00 : 7[1e0] -> 6[1d0] via P2P/IPC
[1,9]<stdout>:algo-2:181:181 [1] NCCL INFO Channel 00 : 1[180] -> 2[190] via P2P/IPC
[1,10]<stdout>:algo-2:182:182 [2] NCCL INFO Channel 00 : 2[190] -> 3[1a0] via P2P/IPC
[1,4]<stdout>:algo-1:178:178 [4] NCCL INFO Channel 02 : 4[1b0] -> 0[170] via P2P/IPC
[1,3]<stdout>:algo-1:176:176 [3] NCCL INFO Channel 02 : 3[1a0] -> 2[190] via P2P/IPC
[1,12]<stdout>:algo-2:187:187 [4] NCCL INFO Channel 01 : 4[1b0] -> 0[170] via P2P/IPC
[1,7]<stdout>:algo-1:181:181 [7] NCCL INFO Channel 02 : 7[1e0] -> 4[1b0] via P2P/IPC
[1,1]<stdout>:algo-1:172:172 [1] NCCL INFO Channel 02 : 1[180] -> 5[1c0] via P2P/IPC
[1,5]<stdout>:algo-1:179:179 [5] NCCL INFO Channel 02 : 5[1c0] -> 6[1d0] via P2P/IPC
[1,2]<stdout>:algo-1:174:174 [2] NCCL INFO Channel 02 : 2[190] -> 1[180] via P2P/IPC
[1,6]<stdout>:algo-1:180:180 [6] NCCL INFO Channel 02 : 6[1d0] -> 7[1e0] via P2P/IPC
[1,8]<stdout>:algo-2:178:178 [0] NCCL INFO Channel 01 : 0[170] -> 3[1a0] via P2P/IPC
[1,11]<stdout>:algo-2:185:185 [3] NCCL INFO Channel 01 : 3[1a0] -> 2[190] via P2P/IPC
[1,13]<stdout>:algo-2:188:188 [5] NCCL INFO Channel 01 : 5[1c0] -> 6[1d0] via P2P/IPC
[1,14]<stdout>:algo-2:189:189 [6] NCCL INFO Channel 01 : 6[1d0] -> 7[1e0] via P2P/IPC
[1,15]<stdout>:algo-2:190:190 [7] NCCL INFO Channel 01 : 7[1e0] -> 4[1b0] via P2P/IPC
[1,9]<stdout>:algo-2:181:181 [1] NCCL INFO Channel 01 : 1[180] -> 5[1c0] via P2P/IPC
[1,10]<stdout>:algo-2:182:182 [2] NCCL INFO Channel 01 : 2[190] -> 1[180] via P2P/IPC
[1,0]<stdout>:algo-1:170:170 [0] NCCL INFO Channel 03 : 0[170] -> 4[1b0] via P2P/IPC
[1,3]<stdout>:algo-1:176:176 [3] NCCL INFO Channel 03 : 3[1a0] -> 0[170] via P2P/IPC
[1,4]<stdout>:algo-1:178:178 [4] NCCL INFO Channel 03 : 4[1b0] -> 7[1e0] via P2P/IPC
[1,12]<stdout>:algo-2:187:187 [4] NCCL INFO Channel 01 : 4[1b0] -> 7[1e0] via P2P/IPC
[1,1]<stdout>:algo-1:172:172 [1] NCCL INFO Channel 03 : 1[180] -> 2[190] via P2P/IPC
[1,7]<stdout>:algo-1:181:181 [7] NCCL INFO Channel 03 : 7[1e0] -> 6[1d0] via P2P/IPC
[1,5]<stdout>:algo-1:179:179 [5] NCCL INFO Channel 03 : 5[1c0] -> 1[180] via P2P/IPC
[1,2]<stdout>:algo-1:174:174 [2] NCCL INFO Channel 03 : 2[190] -> 3[1a0] via P2P/IPC
[1,6]<stdout>:algo-1:180:180 [6] NCCL INFO Channel 03 : 6[1d0] -> 5[1c0] via P2P/IPC
[1,11]<stdout>:algo-2:185:185 [3] NCCL INFO Channel 01 : 3[1a0] -> 0[170] via P2P/IPC
[1,14]<stdout>:algo-2:189:189 [6] NCCL INFO Channel 01 : 6[1d0] -> 5[1c0] via P2P/IPC
[1,13]<stdout>:algo-2:188:188 [5] NCCL INFO Channel 01 : 5[1c0] -> 1[180] via P2P/IPC
[1,15]<stdout>:algo-2:190:190 [7] NCCL INFO Channel 01 : 7[1e0] -> 6[1d0] via P2P/IPC
[1,9]<stdout>:algo-2:181:181 [1] NCCL INFO Channel 01 : 1[180] -> 2[190] via P2P/IPC
[1,10]<stdout>:algo-2:182:182 [2] NCCL INFO Channel 01 : 2[190] -> 3[1a0] via P2P/IPC
[1,3]<stdout>:algo-1:176:176 [3] NCCL INFO Channel 03 : 3[1a0] -> 2[190] via P2P/IPC
[1,4]<stdout>:algo-1:178:178 [4] NCCL INFO Channel 03 : 4[1b0] -> 0[170] via P2P/IPC
[1,12]<stdout>:algo-2:187:187 [4] NCCL INFO Channel 02 : 4[1b0] -> 7[1e0] via P2P/IPC
[1,7]<stdout>:algo-1:181:181 [7] NCCL INFO Channel 03 : 7[1e0] -> 4[1b0] via P2P/IPC
[1,1]<stdout>:algo-1:172:172 [1] NCCL INFO Channel 03 : 1[180] -> 5[1c0] via P2P/IPC
[1,2]<stdout>:algo-1:174:174 [2] NCCL INFO Channel 03 : 2[190] -> 1[180] via P2P/IPC
[1,5]<stdout>:algo-1:179:179 [5] NCCL INFO Channel 03 : 5[1c0] -> 6[1d0] via P2P/IPC
[1,8]<stdout>:algo-2:178:178 [0] NCCL INFO Channel 02 : 0[170] -> 4[1b0] via P2P/IPC
[1,6]<stdout>:algo-1:180:180 [6] NCCL INFO Channel 03 : 6[1d0] -> 7[1e0] via P2P/IPC
[1,11]<stdout>:algo-2:185:185 [3] NCCL INFO Channel 02 : 3[1a0] -> 0[170] via P2P/IPC
[1,14]<stdout>:algo-2:189:189 [6] NCCL INFO Channel 02 : 6[1d0] -> 5[1c0] via P2P/IPC
[1,13]<stdout>:algo-2:188:188 [5] NCCL INFO Channel 02 : 5[1c0] -> 1[180] via P2P/IPC
[1,15]<stdout>:algo-2:190:190 [7] NCCL INFO Channel 02 : 7[1e0] -> 6[1d0] via P2P/IPC
[1,9]<stdout>:algo-2:181:181 [1] NCCL INFO Channel 02 : 1[180] -> 2[190] via P2P/IPC
[1,10]<stdout>:algo-2:182:182 [2] NCCL INFO Channel 02 : 2[190] -> 3[1a0] via P2P/IPC
[1,0]<stdout>:algo-1:170:170 [0] NCCL INFO Channel 04 : 0[170] -> 1[180] via P2P/IPC
[1,3]<stdout>:algo-1:176:176 [3] NCCL INFO Channel 04 : 3[1a0] -> 7[1e0] via P2P/IPC
[1,4]<stdout>:algo-1:178:178 [4] NCCL INFO Channel 04 : 4[1b0] -> 6[1d0] via P2P/IPC
[1,7]<stdout>:algo-1:181:181 [7] NCCL INFO Channel 04 : 7[1e0] -> 5[1c0] via P2P/IPC
[1,1]<stdout>:algo-1:172:172 [1] NCCL INFO Channel 04 : 1[180] -> 3[1a0] via P2P/IPC
[1,11]<stdout>:algo-2:185:185 [3] NCCL INFO Channel 02 : 3[1a0] -> 2[190] via P2P/IPC
[1,2]<stdout>:algo-1:174:174 [2] NCCL INFO Channel 04 : 2[190] -> 0[170] via P2P/IPC
[1,5]<stdout>:algo-1:179:179 [5] NCCL INFO Channel 04 : 5[1c0] -> 4[1b0] via P2P/IPC
[1,6]<stdout>:algo-1:180:180 [6] NCCL INFO Channel 04 : 6[1d0] -> 2[190] via P2P/IPC
[1,12]<stdout>:algo-2:187:187 [4] NCCL INFO Channel 02 : 4[1b0] -> 0[170] via P2P/IPC
[1,14]<stdout>:algo-2:189:189 [6] NCCL INFO Channel 02 : 6[1d0] -> 7[1e0] via P2P/IPC
[1,13]<stdout>:algo-2:188:188 [5] NCCL INFO Channel 02 : 5[1c0] -> 6[1d0] via P2P/IPC
[1,15]<stdout>:algo-2:190:190 [7] NCCL INFO Channel 02 : 7[1e0] -> 4[1b0] via P2P/IPC
[1,9]<stdout>:algo-2:181:181 [1] NCCL INFO Channel 02 : 1[180] -> 5[1c0] via P2P/IPC
[1,10]<stdout>:algo-2:182:182 [2] NCCL INFO Channel 02 : 2[190] -> 1[180] via P2P/IPC
[1,8]<stdout>:algo-2:178:178 [0] NCCL INFO Channel 03 : 0[170] -> 4[1b0] via P2P/IPC
[1,11]<stdout>:algo-2:185:185 [3] NCCL INFO Channel 03 : 3[1a0] -> 0[170] via P2P/IPC
[1,2]<stdout>:algo-1:174:174 [2] NCCL INFO Channel 04 : 2[190] -> 6[1d0] via P2P/IPC
[1,3]<stdout>:algo-1:176:176 [3] NCCL INFO Channel 04 : 3[1a0] -> 1[180] via P2P/IPC
[1,4]<stdout>:algo-1:178:178 [4] NCCL INFO Channel 04 : 4[1b0] -> 5[1c0] via P2P/IPC
[1,7]<stdout>:algo-1:181:181 [7] NCCL INFO Channel 04 : 7[1e0] -> 3[1a0] via P2P/IPC
[1,1]<stdout>:algo-1:172:172 [1] NCCL INFO Channel 04 : 1[180] -> 0[170] via P2P/IPC
[1,12]<stdout>:algo-2:187:187 [4] NCCL INFO Channel 03 : 4[1b0] -> 7[1e0] via P2P/IPC
[1,5]<stdout>:algo-1:179:179 [5] NCCL INFO Channel 04 : 5[1c0] -> 7[1e0] via P2P/IPC
[1,6]<stdout>:algo-1:180:180 [6] NCCL INFO Channel 04 : 6[1d0] -> 4[1b0] via P2P/IPC
[1,13]<stdout>:algo-2:188:188 [5] NCCL INFO Channel 03 : 5[1c0] -> 1[180] via P2P/IPC
[1,14]<stdout>:algo-2:189:189 [6] NCCL INFO Channel 03 : 6[1d0] -> 5[1c0] via P2P/IPC
[1,15]<stdout>:algo-2:190:190 [7] NCCL INFO Channel 03 : 7[1e0] -> 6[1d0] via P2P/IPC
[1,10]<stdout>:algo-2:182:182 [2] NCCL INFO Channel 03 : 2[190] -> 3[1a0] via P2P/IPC
[1,9]<stdout>:algo-2:181:181 [1] NCCL INFO Channel 03 : 1[180] -> 2[190] via P2P/IPC
[1,2]<stdout>:algo-1:174:174 [2] NCCL INFO Channel 05 : 2[190] -> 6[1d0] via P2P/IPC
[1,3]<stdout>:algo-1:176:176 [3] NCCL INFO Channel 05 : 3[1a0] -> 1[180] via P2P/IPC
[1,11]<stdout>:algo-2:185:185 [3] NCCL INFO Channel 03 : 3[1a0] -> 2[190] via P2P/IPC
[1,0]<stdout>:algo-1:170:170 [0] NCCL INFO Channel 05 : 0[170] -> 2[190] via P2P/IPC
[1,4]<stdout>:algo-1:178:178 [4] NCCL INFO Channel 05 : 4[1b0] -> 5[1c0] via P2P/IPC
[1,12]<stdout>:algo-2:187:187 [4] NCCL INFO Channel 03 : 4[1b0] -> 0[170] via P2P/IPC
[1,7]<stdout>:algo-1:181:181 [7] NCCL INFO Channel 05 : 7[1e0] -> 3[1a0] via P2P/IPC
[1,1]<stdout>:algo-1:172:172 [1] NCCL INFO Channel 05 : 1[180] -> 0[170] via P2P/IPC
[1,13]<stdout>:algo-2:188:188 [5] NCCL INFO Channel 03 : 5[1c0] -> 6[1d0] via P2P/IPC
[1,14]<stdout>:algo-2:189:189 [6] NCCL INFO Channel 03 : 6[1d0] -> 7[1e0] via P2P/IPC
[1,5]<stdout>:algo-1:179:179 [5] NCCL INFO Channel 05 : 5[1c0] -> 7[1e0] via P2P/IPC
[1,6]<stdout>:algo-1:180:180 [6] NCCL INFO Channel 05 : 6[1d0] -> 4[1b0] via P2P/IPC
[1,15]<stdout>:algo-2:190:190 [7] NCCL INFO Channel 03 : 7[1e0] -> 4[1b0] via P2P/IPC
[1,9]<stdout>:algo-2:181:181 [1] NCCL INFO Channel 03 : 1[180] -> 5[1c0] via P2P/IPC
[1,10]<stdout>:algo-2:182:182 [2] NCCL INFO Channel 03 : 2[190] -> 1[180] via P2P/IPC
[1,1]<stdout>:algo-1:172:172 [1] NCCL INFO Channel 05 : 1[180] -> 3[1a0] via P2P/IPC
[1,11]<stdout>:algo-2:185:185 [3] NCCL INFO Channel 04 : 3[1a0] -> 7[1e0] via P2P/IPC
[1,3]<stdout>:algo-1:176:176 [3] NCCL INFO Channel 05 : 3[1a0] -> 7[1e0] via P2P/IPC
[1,2]<stdout>:algo-1:174:174 [2] NCCL INFO Channel 05 : 2[190] -> 0[170] via P2P/IPC
[1,8]<stdout>:algo-2:178:178 [0] NCCL INFO Channel 04 : 0[170] -> 1[180] via P2P/IPC
[1,4]<stdout>:algo-1:178:178 [4] NCCL INFO Channel 05 : 4[1b0] -> 6[1d0] via P2P/IPC
[1,7]<stdout>:algo-1:181:181 [7] NCCL INFO Channel 05 : 7[1e0] -> 5[1c0] via P2P/IPC
[1,12]<stdout>:algo-2:187:187 [4] NCCL INFO Channel 04 : 4[1b0] -> 6[1d0] via P2P/IPC
[1,5]<stdout>:algo-1:179:179 [5] NCCL INFO Channel 05 : 5[1c0] -> 4[1b0] via P2P/IPC
[1,6]<stdout>:algo-1:180:180 [6] NCCL INFO Channel 05 : 6[1d0] -> 2[190] via P2P/IPC
[1,13]<stdout>:algo-2:188:188 [5] NCCL INFO Channel 04 : 5[1c0] -> 4[1b0] via P2P/IPC
[1,14]<stdout>:algo-2:189:189 [6] NCCL INFO Channel 04 : 6[1d0] -> 2[190] via P2P/IPC
[1,15]<stdout>:algo-2:190:190 [7] NCCL INFO Channel 04 : 7[1e0] -> 5[1c0] via P2P/IPC
[1,9]<stdout>:algo-2:181:181 [1] NCCL INFO Channel 04 : 1[180] -> 3[1a0] via P2P/IPC
[1,10]<stdout>:algo-2:182:182 [2] NCCL INFO Channel 04 : 2[190] -> 0[170] via P2P/IPC
[1,1]<stdout>:algo-1:172:172 [1] NCCL INFO Channel 06 : 1[180] -> 5[1c0] via P2P/IPC
[1,0]<stdout>:algo-1:170:170 [0] NCCL INFO Channel 06 : 0[170] -> 3[1a0] via P2P/IPC
[1,3]<stdout>:algo-1:176:176 [3] NCCL INFO Channel 06 : 3[1a0] -> 2[190] via P2P/IPC
[1,2]<stdout>:algo-1:174:174 [2] NCCL INFO Channel 06 : 2[190] -> 1[180] via P2P/IPC
[1,4]<stdout>:algo-1:178:178 [4] NCCL INFO Channel 06 : 4[1b0] -> 0[170] via P2P/IPC
[1,7]<stdout>:algo-1:181:181 [7] NCCL INFO Channel 06 : 7[1e0] -> 4[1b0] via P2P/IPC
[1,5]<stdout>:algo-1:179:179 [5] NCCL INFO Channel 06 : 5[1c0] -> 6[1d0] via P2P/IPC
[1,6]<stdout>:algo-1:180:180 [6] NCCL INFO Channel 06 : 6[1d0] -> 7[1e0] via P2P/IPC
[1,10]<stdout>:algo-2:182:182 [2] NCCL INFO Channel 04 : 2[190] -> 6[1d0] via P2P/IPC
[1,11]<stdout>:algo-2:185:185 [3] NCCL INFO Channel 04 : 3[1a0] -> 1[180] via P2P/IPC
[1,12]<stdout>:algo-2:187:187 [4] NCCL INFO Channel 04 : 4[1b0] -> 5[1c0] via P2P/IPC
[1,13]<stdout>:algo-2:188:188 [5] NCCL INFO Channel 04 : 5[1c0] -> 7[1e0] via P2P/IPC
[1,14]<stdout>:algo-2:189:189 [6] NCCL INFO Channel 04 : 6[1d0] -> 4[1b0] via P2P/IPC
[1,15]<stdout>:algo-2:190:190 [7] NCCL INFO Channel 04 : 7[1e0] -> 3[1a0] via P2P/IPC
[1,9]<stdout>:algo-2:181:181 [1] NCCL INFO Channel 04 : 1[180] -> 0[170] via P2P/IPC
[1,4]<stdout>:algo-1:178:178 [4] NCCL INFO Channel 06 : 4[1b0] -> 7[1e0] via P2P/IPC
[1,1]<stdout>:algo-1:172:172 [1] NCCL INFO Channel 06 : 1[180] -> 2[190] via P2P/IPC
[1,3]<stdout>:algo-1:176:176 [3] NCCL INFO Channel 06 : 3[1a0] -> 0[170] via P2P/IPC
[1,2]<stdout>:algo-1:174:174 [2] NCCL INFO Channel 06 : 2[190] -> 3[1a0] via P2P/IPC
[1,10]<stdout>:algo-2:182:182 [2] NCCL INFO Channel 05 : 2[190] -> 6[1d0] via P2P/IPC
[1,7]<stdout>:algo-1:181:181 [7] NCCL INFO Channel 06 : 7[1e0] -> 6[1d0] via P2P/IPC
[1,5]<stdout>:algo-1:179:179 [5] NCCL INFO Channel 06 : 5[1c0] -> 1[180] via P2P/IPC
[1,6]<stdout>:algo-1:180:180 [6] NCCL INFO Channel 06 : 6[1d0] -> 5[1c0] via P2P/IPC
[1,11]<stdout>:algo-2:185:185 [3] NCCL INFO Channel 05 : 3[1a0] -> 1[180] via P2P/IPC
[1,8]<stdout>:algo-2:178:178 [0] NCCL INFO Channel 05 : 0[170] -> 2[190] via P2P/IPC
[1,12]<stdout>:algo-2:187:187 [4] NCCL INFO Channel 05 : 4[1b0] -> 5[1c0] via P2P/IPC
[1,14]<stdout>:algo-2:189:189 [6] NCCL INFO Channel 05 : 6[1d0] -> 4[1b0] via P2P/IPC
[1,13]<stdout>:algo-2:188:188 [5] NCCL INFO Channel 05 : 5[1c0] -> 7[1e0] via P2P/IPC
[1,9]<stdout>:algo-2:181:181 [1] NCCL INFO Channel 05 : 1[180] -> 0[170] via P2P/IPC
[1,15]<stdout>:algo-2:190:190 [7] NCCL INFO Channel 05 : 7[1e0] -> 3[1a0] via P2P/IPC
[1,4]<stdout>:algo-1:178:178 [4] NCCL INFO Channel 07 : 4[1b0] -> 0[170] via P2P/IPC
[1,0]<stdout>:algo-1:170:170 [0] NCCL INFO Channel 07 : 0[170] -> 3[1a0] via P2P/IPC
[1,3]<stdout>:algo-1:176:176 [3] NCCL INFO Channel 07 : 3[1a0] -> 2[190] via P2P/IPC
[1,2]<stdout>:algo-1:174:174 [2] NCCL INFO Channel 07 : 2[190] -> 1[180] via P2P/IPC
[1,1]<stdout>:algo-1:172:172 [1] NCCL INFO Channel 07 : 1[180] -> 5[1c0] via P2P/IPC
[1,10]<stdout>:algo-2:182:182 [2] NCCL INFO Channel 05 : 2[190] -> 0[170] via P2P/IPC
[1,7]<stdout>:algo-1:181:181 [7] NCCL INFO Channel 07 : 7[1e0] -> 4[1b0] via P2P/IPC
[1,9]<stdout>:algo-2:181:181 [1] NCCL INFO Channel 05 : 1[180] -> 3[1a0] via P2P/IPC
[1,11]<stdout>:algo-2:185:185 [3] NCCL INFO Channel 05 : 3[1a0] -> 7[1e0] via P2P/IPC
[1,12]<stdout>:algo-2:187:187 [4] NCCL INFO Channel 05 : 4[1b0] -> 6[1d0] via P2P/IPC
[1,5]<stdout>:algo-1:179:179 [5] NCCL INFO Channel 07 : 5[1c0] -> 6[1d0] via P2P/IPC
[1,6]<stdout>:algo-1:180:180 [6] NCCL INFO Channel 07 : 6[1d0] -> 7[1e0] via P2P/IPC
[1,13]<stdout>:algo-2:188:188 [5] NCCL INFO Channel 05 : 5[1c0] -> 4[1b0] via P2P/IPC
[1,14]<stdout>:algo-2:189:189 [6] NCCL INFO Channel 05 : 6[1d0] -> 2[190] via P2P/IPC
[1,15]<stdout>:algo-2:190:190 [7] NCCL INFO Channel 05 : 7[1e0] -> 5[1c0] via P2P/IPC
[1,4]<stdout>:algo-1:178:178 [4] NCCL INFO Channel 07 : 4[1b0] -> 7[1e0] via P2P/IPC
[1,3]<stdout>:algo-1:176:176 [3] NCCL INFO Channel 07 : 3[1a0] -> 0[170] via P2P/IPC
[1,8]<stdout>:algo-2:178:178 [0] NCCL INFO Channel 06 : 0[170] -> 3[1a0] via P2P/IPC
[1,9]<stdout>:algo-2:181:181 [1] NCCL INFO Channel 06 : 1[180] -> 5[1c0] via P2P/IPC
[1,1]<stdout>:algo-1:172:172 [1] NCCL INFO Channel 07 : 1[180] -> 2[190] via P2P/IPC
[1,2]<stdout>:algo-1:174:174 [2] NCCL INFO Channel 07 : 2[190] -> 3[1a0] via P2P/IPC
[1,7]<stdout>:algo-1:181:181 [7] NCCL INFO Channel 07 : 7[1e0] -> 6[1d0] via P2P/IPC
[1,10]<stdout>:algo-2:182:182 [2] NCCL INFO Channel 06 : 2[190] -> 1[180] via P2P/IPC
[1,5]<stdout>:algo-1:179:179 [5] NCCL INFO Channel 07 : 5[1c0] -> 1[180] via P2P/IPC
[1,6]<stdout>:algo-1:180:180 [6] NCCL INFO Channel 07 : 6[1d0] -> 5[1c0] via P2P/IPC
[1,12]<stdout>:algo-2:187:187 [4] NCCL INFO Channel 06 : 4[1b0] -> 0[170] via P2P/IPC
[1,11]<stdout>:algo-2:185:185 [3] NCCL INFO Channel 06 : 3[1a0] -> 2[190] via P2P/IPC
[1,13]<stdout>:algo-2:188:188 [5] NCCL INFO Channel 06 : 5[1c0] -> 6[1d0] via P2P/IPC
[1,14]<stdout>:algo-2:189:189 [6] NCCL INFO Channel 06 : 6[1d0] -> 7[1e0] via P2P/IPC
[1,15]<stdout>:algo-2:190:190 [7] NCCL INFO Channel 06 : 7[1e0] -> 4[1b0] via P2P/IPC
[1,4]<stdout>:algo-1:178:178 [4] NCCL INFO Channel 08 : 4[1b0] -> 7[1e0] via P2P/IPC
[1,0]<stdout>:algo-1:170:170 [0] NCCL INFO Channel 08 : 0[170] -> 4[1b0] via P2P/IPC
[1,3]<stdout>:algo-1:176:176 [3] NCCL INFO Channel 08 : 3[1a0] -> 0[170] via P2P/IPC
[1,12]<stdout>:algo-2:187:187 [4] NCCL INFO Channel 06 : 4[1b0] -> 7[1e0] via P2P/IPC
[1,1]<stdout>:algo-1:172:172 [1] NCCL INFO Channel 08 : 1[180] -> 2[190] via P2P/IPC
[1,2]<stdout>:algo-1:174:174 [2] NCCL INFO Channel 08 : 2[190] -> 3[1a0] via P2P/IPC
[1,9]<stdout>:algo-2:181:181 [1] NCCL INFO Channel 06 : 1[180] -> 2[190] via P2P/IPC
[1,7]<stdout>:algo-1:181:181 [7] NCCL INFO Channel 08 : 7[1e0] -> 6[1d0] via P2P/IPC
[1,10]<stdout>:algo-2:182:182 [2] NCCL INFO Channel 06 : 2[190] -> 3[1a0] via P2P/IPC
[1,11]<stdout>:algo-2:185:185 [3] NCCL INFO Channel 06 : 3[1a0] -> 0[170] via P2P/IPC
[1,5]<stdout>:algo-1:179:179 [5] NCCL INFO Channel 08 : 5[1c0] -> 1[180] via P2P/IPC
[1,6]<stdout>:algo-1:180:180 [6] NCCL INFO Channel 08 : 6[1d0] -> 5[1c0] via P2P/IPC
[1,14]<stdout>:algo-2:189:189 [6] NCCL INFO Channel 06 : 6[1d0] -> 5[1c0] via P2P/IPC
[1,13]<stdout>:algo-2:188:188 [5] NCCL INFO Channel 06 : 5[1c0] -> 1[180] via P2P/IPC
[1,15]<stdout>:algo-2:190:190 [7] NCCL INFO Channel 06 : 7[1e0] -> 6[1d0] via P2P/IPC
[1,3]<stdout>:algo-1:176:176 [3] NCCL INFO Channel 08 : 3[1a0] -> 2[190] via P2P/IPC
[1,4]<stdout>:algo-1:178:178 [4] NCCL INFO Channel 08 : 4[1b0] -> 0[170] via P2P/IPC
[1,12]<stdout>:algo-2:187:187 [4] NCCL INFO Channel 07 : 4[1b0] -> 0[170] via P2P/IPC
[1,2]<stdout>:algo-1:174:174 [2] NCCL INFO Channel 08 : 2[190] -> 1[180] via P2P/IPC
[1,1]<stdout>:algo-1:172:172 [1] NCCL INFO Channel 08 : 1[180] -> 5[1c0] via P2P/IPC
[1,8]<stdout>:algo-2:178:178 [0] NCCL INFO Channel 07 : 0[170] -> 3[1a0] via P2P/IPC
